<?xml version="1.0" encoding="utf-8"?>
<TestRun id="ffdb01ab-bafb-4ee4-a7da-50f81429ed2c" name="blazaro@BLAZARO 2026-04-07 15:12:23" runUser="TECSUR\blazaro" xmlns="http://microsoft.com/schemas/VisualStudio/TeamTest/2010">
  <Times creation="2026-04-07T15:12:23.8934983-05:00" queuing="2026-04-07T15:12:23.8934987-05:00" start="2026-04-07T15:12:23.0844642-05:00" finish="2026-04-07T15:12:24.0918742-05:00" />
  <TestSettings name="default" id="fa8e81c0-96a4-49e1-9a62-88f9f14643d6">
    <Deployment runDeploymentRoot="blazaro_BLAZARO_2026-04-07_15_12_23" />
  </TestSettings>
  <Results>
    <UnitTestResult executionId="49c44817-2100-48e3-b296-17a406577988" testId="4ac1a86e-e68c-2a78-9bbe-50b0d2c97797" testName="ComprobantePago.Tests.HU01.CA03_AlertaComprobanteDadoDeBajaTests.ValidarZip_CuandoComprobanteDadoDeBaja_NoGeneraFolio" computerName="BLAZARO" duration="00:00:00.3299043" startTime="2026-04-07T15:12:23.8319060-05:00" endTime="2026-04-07T15:12:23.8319061-05:00" testType="13cdc9d9-ddb5-4fa4-a97d-d965ccfc6d4b" outcome="Passed" testListId="8c84fa94-04c1-424b-9868-57a2d4851a1d" relativeResultsDirectory="49c44817-2100-48e3-b296-17a406577988" />
    <UnitTestResult executionId="25f2b4d7-e116-42b7-993a-bfedcb7e100c" testId="84be820b-6040-a3e1-e337-1274bd94aff1" testName="ComprobantePago.Tests.HU01.CA01_ValidacionAutomaticaSunatTests.ValidarXml_InvocaSunatConDatosExtraidos" computerName="BLAZARO" duration="00:00:00.0014166" startTime="2026-04-07T15:12:23.9572375-05:00" endTime="2026-04-07T15:12:23.9572376-05:00" testType="13cdc9d9-ddb5-4fa4-a97d-d965ccfc6d4b" outcome="Passed" testListId="8c84fa94-04c1-424b-9868-57a2d4851a1d" relativeResultsDirectory="25f2b4d7-e116-42b7-993a-bfedcb7e100c" />
    <UnitTestResult executionId="55754727-1a0a-4955-8ea6-e6bd1053e54e" testId="3449da85-fdbc-aa3b-7794-70dd7ee30d1c" testName="ComprobantePago.Tests.HU01.CA04_GeneracionFolioTests.GenerarFolio_CorrelativoEsDeCuatroDigitos" computerName="BLAZARO" duration="00:00:00.0011087" startTime="2026-04-07T15:12:24.0437378-05:00" endTime="2026-04-07T15:12:24.0437378-05:00" testType="13cdc9d9-ddb5-4fa4-a97d-d965ccfc6d4b" outcome="Passed" testListId="8c84fa94-04c1-424b-9868-57a2d4851a1d" relativeResultsDirectory="55754727-1a0a-4955-8ea6-e6bd1053e54e" />
    <UnitTestResult executionId="602d107d-fe0b-4270-906a-384ad38629b6" testId="cb0def2d-dfe7-7d39-1751-b3888ad92bce" testName="ComprobantePago.Tests.HU01.CA01_ValidacionAutomaticaSunatTests.ValidarXml_CuandoSunatAcepta_RetornaFolioGenerado" computerName="BLAZARO" duration="00:00:00.4412538" startTime="2026-04-07T15:12:23.9433303-05:00" endTime="2026-04-07T15:12:23.9433303-05:00" testType="13cdc9d9-ddb5-4fa4-a97d-d965ccfc6d4b" outcome="Passed" testListId="8c84fa94-04c1-424b-9868-57a2d4851a1d" relativeResultsDirectory="602d107d-fe0b-4270-906a-384ad38629b6" />
    <UnitTestResult executionId="e46333f6-c3a5-4482-85ef-fa14e239ec99" testId="6e60a625-41f7-a69e-c8b1-c9728c5ecd2f" testName="ComprobantePago.Tests.HU01.CA04_GeneracionFolioTests.GenerarFolio_IncremntaCorrelativamente_CuandaYaExistenComprobantes" computerName="BLAZARO" duration="00:00:00.0968866" startTime="2026-04-07T15:12:24.0425724-05:00" endTime="2026-04-07T15:12:24.0425725-05:00" testType="13cdc9d9-ddb5-4fa4-a97d-d965ccfc6d4b" outcome="Passed" testListId="8c84fa94-04c1-424b-9868-57a2d4851a1d" relativeResultsDirectory="e46333f6-c3a5-4482-85ef-fa14e239ec99" />
    <UnitTestResult executionId="1519d8c7-063d-4e05-a1f0-b7a65fee0e9d" testId="340219e2-d434-d791-0c44-fab065b49896" testName="ComprobantePago.Tests.HU01.CA01_ValidacionAutomaticaSunatTests.ValidarXml_AceptaTiposDeDocumentoPermitidos(tipoDoc: &quot;03&quot;, serie: &quot;B001&quot;, descripcion: &quot;Boleta de venta&quot;)" computerName="BLAZARO" duration="00:00:00.0010089" startTime="2026-04-07T15:12:23.9501128-05:00" endTime="2026-04-07T15:12:23.9501129-05:00" testType="13cdc9d9-ddb5-4fa4-a97d-d965ccfc6d4b" outcome="Passed" testListId="8c84fa94-04c1-424b-9868-57a2d4851a1d" relativeResultsDirectory="1519d8c7-063d-4e05-a1f0-b7a65fee0e9d" />
    <UnitTestResult executionId="996f2641-4417-4b39-b767-64c10b30e5da" testId="9a4e614b-0122-223c-c897-d8284a2185b5" testName="ComprobantePago.Tests.HU01.CA04_GeneracionFolioTests.GenerarFolio_CuandoSunatRechaza_NoGeneraFolio" computerName="BLAZARO" duration="00:00:00.0012953" startTime="2026-04-07T15:12:24.0450721-05:00" endTime="2026-04-07T15:12:24.0450722-05:00" testType="13cdc9d9-ddb5-4fa4-a97d-d965ccfc6d4b" outcome="Passed" testListId="8c84fa94-04c1-424b-9868-57a2d4851a1d" relativeResultsDirectory="996f2641-4417-4b39-b767-64c10b30e5da" />
    <UnitTestResult executionId="644021de-cdd4-49f7-8b80-7dc300e2d733" testId="daaa1b9d-1a5f-29fc-6f1e-13723bcbd29f" testName="ComprobantePago.Tests.HU01.CA01_ValidacionAutomaticaSunatTests.ValidarXml_AceptaTiposDeDocumentoPermitidos(tipoDoc: &quot;01&quot;, serie: &quot;F001&quot;, descripcion: &quot;Factura&quot;)" computerName="BLAZARO" duration="00:00:00.0013370" startTime="2026-04-07T15:12:23.9489399-05:00" endTime="2026-04-07T15:12:23.9489400-05:00" testType="13cdc9d9-ddb5-4fa4-a97d-d965ccfc6d4b" outcome="Passed" testListId="8c84fa94-04c1-424b-9868-57a2d4851a1d" relativeResultsDirectory="644021de-cdd4-49f7-8b80-7dc300e2d733" />
    <UnitTestResult executionId="3c41bc0b-0e33-4efb-8ab1-e25511eab527" testId="2f0f803f-a671-621a-2531-ca13a1b6c1d8" testName="ComprobantePago.Tests.HU01.CA01_ValidacionAutomaticaSunatTests.ValidarZip_InvocaSunatConDatosDelXmlInterno" computerName="BLAZARO" duration="00:00:00.0038457" startTime="2026-04-07T15:12:23.9556478-05:00" endTime="2026-04-07T15:12:23.9556480-05:00" testType="13cdc9d9-ddb5-4fa4-a97d-d965ccfc6d4b" outcome="Passed" testListId="8c84fa94-04c1-424b-9868-57a2d4851a1d" relativeResultsDirectory="3c41bc0b-0e33-4efb-8ab1-e25511eab527" />
    <UnitTestResult executionId="bd1febee-3c6c-4b22-a51c-908ec17e3e5b" testId="78279c45-cfe6-55ec-c516-423e315f9387" testName="ComprobantePago.Tests.HU01.CA02_AlertaDocumentoNoValidadoTests.ValidarXml_CuandoNoExisteEnSunat_NoGeneraFolio" computerName="BLAZARO" duration="00:00:00.0018174" startTime="2026-04-07T15:12:23.8559754-05:00" endTime="2026-04-07T15:12:23.8559755-05:00" testType="13cdc9d9-ddb5-4fa4-a97d-d965ccfc6d4b" outcome="Passed" testListId="8c84fa94-04c1-424b-9868-57a2d4851a1d" relativeResultsDirectory="bd1febee-3c6c-4b22-a51c-908ec17e3e5b" />
    <UnitTestResult executionId="1820f6ad-f31d-4cf9-add3-224c70492996" testId="527e021f-9b13-748a-ebe4-08761cf23cae" testName="ComprobantePago.Tests.HU01.CA03_AlertaComprobanteDadoDeBajaTests.ValidarXml_CuandoComprobanteDadoDeBaja_NoGeneraFolio" computerName="BLAZARO" duration="00:00:00.0220665" startTime="2026-04-07T15:12:23.8542857-05:00" endTime="2026-04-07T15:12:23.8542858-05:00" testType="13cdc9d9-ddb5-4fa4-a97d-d965ccfc6d4b" outcome="Passed" testListId="8c84fa94-04c1-424b-9868-57a2d4851a1d" relativeResultsDirectory="1820f6ad-f31d-4cf9-add3-224c70492996" />
    <UnitTestResult executionId="68c1a399-b820-4612-b009-876c7ab42a0b" testId="d7a8a645-27ff-cada-176b-081dad9c5361" testName="ComprobantePago.Tests.HU01.CA02_AlertaDocumentoNoValidadoTests.ValidarZip_CuandoSunatNoEncuentraComprobante_NoGeneraFolio" computerName="BLAZARO" duration="00:00:00.0013657" startTime="2026-04-07T15:12:23.8730261-05:00" endTime="2026-04-07T15:12:23.8730262-05:00" testType="13cdc9d9-ddb5-4fa4-a97d-d965ccfc6d4b" outcome="Passed" testListId="8c84fa94-04c1-424b-9868-57a2d4851a1d" relativeResultsDirectory="68c1a399-b820-4612-b009-876c7ab42a0b" />
    <UnitTestResult executionId="bb6aee92-1bf8-49cc-8c8c-e14ca46f8923" testId="3d82f3fd-4a5f-3242-776f-d678c14fee53" testName="ComprobantePago.Tests.HU01.CA02_AlertaDocumentoNoValidadoTests.ValidarXml_CuandoNoAutorizadoImprenta_NoGeneraFolio" computerName="BLAZARO" duration="00:00:00.0013423" startTime="2026-04-07T15:12:23.8729859-05:00" endTime="2026-04-07T15:12:23.8729859-05:00" testType="13cdc9d9-ddb5-4fa4-a97d-d965ccfc6d4b" outcome="Passed" testListId="8c84fa94-04c1-424b-9868-57a2d4851a1d" relativeResultsDirectory="bb6aee92-1bf8-49cc-8c8c-e14ca46f8923" />
    <UnitTestResult executionId="170e8750-4219-4bda-8b0f-b66397b61172" testId="a16140d9-7686-5e9b-7b50-9e2b1b994d3b" testName="ComprobantePago.Tests.HU01.CA01_ValidacionAutomaticaSunatTests.ValidarXml_AceptaTiposDeDocumentoPermitidos(tipoDoc: &quot;08&quot;, serie: &quot;FD01&quot;, descripcion: &quot;Nota de débito&quot;)" computerName="BLAZARO" duration="00:00:00.0007720" startTime="2026-04-07T15:12:23.9510220-05:00" endTime="2026-04-07T15:12:23.9510221-05:00" testType="13cdc9d9-ddb5-4fa4-a97d-d965ccfc6d4b" outcome="Passed" testListId="8c84fa94-04c1-424b-9868-57a2d4851a1d" relativeResultsDirectory="170e8750-4219-4bda-8b0f-b66397b61172" />
    <UnitTestResult executionId="067cb651-0557-4388-bfde-e6ecc63a23d7" testId="fefc390a-1cdd-e5d1-d335-2f6621693635" testName="ComprobantePago.Tests.HU01.CA01_ValidacionAutomaticaSunatTests.ValidarZip_CuandoSunatAcepta_RetornaFolioGenerado" computerName="BLAZARO" duration="00:00:00.0027321" startTime="2026-04-07T15:12:23.9461620-05:00" endTime="2026-04-07T15:12:23.9461621-05:00" testType="13cdc9d9-ddb5-4fa4-a97d-d965ccfc6d4b" outcome="Passed" testListId="8c84fa94-04c1-424b-9868-57a2d4851a1d" relativeResultsDirectory="067cb651-0557-4388-bfde-e6ecc63a23d7" />
    <UnitTestResult executionId="526fbd8b-841f-46f3-809c-9f0452a4a064" testId="c2f59b63-65a1-6c47-010b-58ebdf8195b2" testName="ComprobantePago.Tests.HU01.CA01_ValidacionAutomaticaSunatTests.ValidarXml_AceptaTiposDeDocumentoPermitidos(tipoDoc: &quot;07&quot;, serie: &quot;FC01&quot;, descripcion: &quot;Nota de crédito&quot;)" computerName="BLAZARO" duration="00:00:00.0007200" startTime="2026-04-07T15:12:23.9516342-05:00" endTime="2026-04-07T15:12:23.9516343-05:00" testType="13cdc9d9-ddb5-4fa4-a97d-d965ccfc6d4b" outcome="Passed" testListId="8c84fa94-04c1-424b-9868-57a2d4851a1d" relativeResultsDirectory="526fbd8b-841f-46f3-809c-9f0452a4a064" />
    <UnitTestResult executionId="e6d0a6fc-64e5-4b5f-af5d-e67b31e733f1" testId="5fa88189-4b6a-d6cd-ae61-d5aebc178d40" testName="ComprobantePago.Tests.HU01.CA04_GeneracionFolioTests.GenerarFolio_IniciaDesdeCeroUno_CuandoNoHayComprobantes" computerName="BLAZARO" duration="00:00:00.0022704" startTime="2026-04-07T15:12:23.9456374-05:00" endTime="2026-04-07T15:12:23.9456375-05:00" testType="13cdc9d9-ddb5-4fa4-a97d-d965ccfc6d4b" outcome="Passed" testListId="8c84fa94-04c1-424b-9868-57a2d4851a1d" relativeResultsDirectory="e6d0a6fc-64e5-4b5f-af5d-e67b31e733f1" />
    <UnitTestResult executionId="9e2f2bc5-1e91-4d15-a6c2-b1423849030c" testId="40cd0fdd-6bad-bf99-8581-b493594070f4" testName="ComprobantePago.Tests.HU01.CA03_AlertaComprobanteDadoDeBajaTests.ValidarXml_CuandoComprobanteDadoDeBaja_ExitoEsFalso" computerName="BLAZARO" duration="00:00:00.0007820" startTime="2026-04-07T15:12:23.8728690-05:00" endTime="2026-04-07T15:12:23.8728690-05:00" testType="13cdc9d9-ddb5-4fa4-a97d-d965ccfc6d4b" outcome="Passed" testListId="8c84fa94-04c1-424b-9868-57a2d4851a1d" relativeResultsDirectory="9e2f2bc5-1e91-4d15-a6c2-b1423849030c" />
    <UnitTestResult executionId="595841de-f7d9-4848-8897-ba84648c99c8" testId="08e4d827-f67c-ad7d-ac4d-4fcd94db18c4" testName="ComprobantePago.Tests.HU01.CA03_AlertaComprobanteDadoDeBajaTests.ValidarXml_CuandoComprobanteDadoDeBaja_IncluyeMotivoRechazo" computerName="BLAZARO" duration="00:00:00.0011492" startTime="2026-04-07T15:12:23.8552706-05:00" endTime="2026-04-07T15:12:23.8552707-05:00" testType="13cdc9d9-ddb5-4fa4-a97d-d965ccfc6d4b" outcome="Passed" testListId="8c84fa94-04c1-424b-9868-57a2d4851a1d" relativeResultsDirectory="595841de-f7d9-4848-8897-ba84648c99c8" />
    <UnitTestResult executionId="ea3fd5ff-0dbc-47a4-9229-0604b9be9fcb" testId="1a29d69b-e5bc-11ec-6c81-0dcc80a4dc6c" testName="ComprobantePago.Tests.HU01.CA04_GeneracionFolioTests.GenerarFolio_ContieneAnioActual" computerName="BLAZARO" duration="00:00:00.0015181" startTime="2026-04-07T15:12:24.0466078-05:00" endTime="2026-04-07T15:12:24.0466079-05:00" testType="13cdc9d9-ddb5-4fa4-a97d-d965ccfc6d4b" outcome="Passed" testListId="8c84fa94-04c1-424b-9868-57a2d4851a1d" relativeResultsDirectory="ea3fd5ff-0dbc-47a4-9229-0604b9be9fcb" />
    <UnitTestResult executionId="e728d417-a988-4aee-9f06-243fe99991c4" testId="4f9a55e5-93e9-78a9-c629-3597b801785c" testName="ComprobantePago.Tests.HU01.CA03_AlertaComprobanteDadoDeBajaTests.ValidarXml_CuandoComprobanteDadoDeBaja_ReportaCodigoAnulado" computerName="BLAZARO" duration="00:00:00.0008068" startTime="2026-04-07T15:12:23.8729755-05:00" endTime="2026-04-07T15:12:23.8729755-05:00" testType="13cdc9d9-ddb5-4fa4-a97d-d965ccfc6d4b" outcome="Passed" testListId="8c84fa94-04c1-424b-9868-57a2d4851a1d" relativeResultsDirectory="e728d417-a988-4aee-9f06-243fe99991c4" />
    <UnitTestResult executionId="bd60ed81-8bb5-47fa-ae9b-88aee8bdb6bd" testId="8d6670c2-31c1-6c8d-731e-e6c42ec9c36d" testName="ComprobantePago.Tests.HU01.CA02_AlertaDocumentoNoValidadoTests.ValidarZip_SinXmlInterno_RetornaErrorSinLlamarSunat" computerName="BLAZARO" duration="00:00:00.3234942" startTime="2026-04-07T15:12:23.8292115-05:00" endTime="2026-04-07T15:12:23.8292214-05:00" testType="13cdc9d9-ddb5-4fa4-a97d-d965ccfc6d4b" outcome="Passed" testListId="8c84fa94-04c1-424b-9868-57a2d4851a1d" relativeResultsDirectory="bd60ed81-8bb5-47fa-ae9b-88aee8bdb6bd" />
    <UnitTestResult executionId="ae55f48f-69fb-49f1-8c95-b48a687a1109" testId="f0b5f313-3f45-5a3c-aaac-403650d79ae7" testName="ComprobantePago.Tests.HU01.CA02_AlertaDocumentoNoValidadoTests.ValidarXml_CuandoFallaConexionSunat_RetornaError" computerName="BLAZARO" duration="00:00:00.0272661" startTime="2026-04-07T15:12:23.8542586-05:00" endTime="2026-04-07T15:12:23.8542588-05:00" testType="13cdc9d9-ddb5-4fa4-a97d-d965ccfc6d4b" outcome="Passed" testListId="8c84fa94-04c1-424b-9868-57a2d4851a1d" relativeResultsDirectory="ae55f48f-69fb-49f1-8c95-b48a687a1109" />
    <UnitTestResult executionId="63261d7a-eaeb-4bb4-b303-4d1d0b476a70" testId="6acdc7c3-dd94-682a-35e0-dc70331594a5" testName="ComprobantePago.Tests.HU01.CA01_ValidacionAutomaticaSunatTests.ValidarXml_CuandoSunatAutorizaImprenta_RetornaFolioGenerado" computerName="BLAZARO" duration="00:00:00.0014763" startTime="2026-04-07T15:12:23.9479827-05:00" endTime="2026-04-07T15:12:23.9479828-05:00" testType="13cdc9d9-ddb5-4fa4-a97d-d965ccfc6d4b" outcome="Passed" testListId="8c84fa94-04c1-424b-9868-57a2d4851a1d" relativeResultsDirectory="63261d7a-eaeb-4bb4-b303-4d1d0b476a70" />
    <UnitTestResult executionId="ef65f903-0701-4e1f-8060-4469c2e7b0aa" testId="bb6480e4-9d63-bec0-2377-91ee4f871968" testName="ComprobantePago.Tests.HU01.CA04_GeneracionFolioTests.GenerarFolio_ContieneMesActualConDosDigitos" computerName="BLAZARO" duration="00:00:00.4417381" startTime="2026-04-07T15:12:23.9433045-05:00" endTime="2026-04-07T15:12:23.9433046-05:00" testType="13cdc9d9-ddb5-4fa4-a97d-d965ccfc6d4b" outcome="Passed" testListId="8c84fa94-04c1-424b-9868-57a2d4851a1d" relativeResultsDirectory="ef65f903-0701-4e1f-8060-4469c2e7b0aa" />
  </Results>
  <TestDefinitions>
    <UnitTest name="ComprobantePago.Tests.HU01.CA04_GeneracionFolioTests.GenerarFolio_IniciaDesdeCeroUno_CuandoNoHayComprobantes" storage="c:\blazaro\aplicacioncomprobantepago\comprobantepago\comprobantepago.tests\bin\debug\net8.0\comprobantepago.tests.dll" id="5fa88189-4b6a-d6cd-ae61-d5aebc178d40">
      <Execution id="e6d0a6fc-64e5-4b5f-af5d-e67b31e733f1" />
      <TestMethod codeBase="C:\blazaro\AplicacionComprobantePago\ComprobantePago\ComprobantePago.Tests\bin\Debug\net8.0\ComprobantePago.Tests.dll" adapterTypeName="executor://xunit/VsTestRunner2/netcoreapp" className="ComprobantePago.Tests.HU01.CA04_GeneracionFolioTests" name="GenerarFolio_IniciaDesdeCeroUno_CuandoNoHayComprobantes" />
    </UnitTest>
    <UnitTest name="ComprobantePago.Tests.HU01.CA04_GeneracionFolioTests.GenerarFolio_ContieneMesActualConDosDigitos" storage="c:\blazaro\aplicacioncomprobantepago\comprobantepago\comprobantepago.tests\bin\debug\net8.0\comprobantepago.tests.dll" id="bb6480e4-9d63-bec0-2377-91ee4f871968">
      <Execution id="ef65f903-0701-4e1f-8060-4469c2e7b0aa" />
      <TestMethod codeBase="C:\blazaro\AplicacionComprobantePago\ComprobantePago\ComprobantePago.Tests\bin\Debug\net8.0\ComprobantePago.Tests.dll" adapterTypeName="executor://xunit/VsTestRunner2/netcoreapp" className="ComprobantePago.Tests.HU01.CA04_GeneracionFolioTests" name="GenerarFolio_ContieneMesActualConDosDigitos" />
    </UnitTest>
    <UnitTest name="ComprobantePago.Tests.HU01.CA02_AlertaDocumentoNoValidadoTests.ValidarXml_CuandoNoAutorizadoImprenta_NoGeneraFolio" storage="c:\blazaro\aplicacioncomprobantepago\comprobantepago\comprobantepago.tests\bin\debug\net8.0\comprobantepago.tests.dll" id="3d82f3fd-4a5f-3242-776f-d678c14fee53">
      <Execution id="bb6aee92-1bf8-49cc-8c8c-e14ca46f8923" />
      <TestMethod codeBase="C:\blazaro\AplicacionComprobantePago\ComprobantePago\ComprobantePago.Tests\bin\Debug\net8.0\ComprobantePago.Tests.dll" adapterTypeName="executor://xunit/VsTestRunner2/netcoreapp" className="ComprobantePago.Tests.HU01.CA02_AlertaDocumentoNoValidadoTests" name="ValidarXml_CuandoNoAutorizadoImprenta_NoGeneraFolio" />
    </UnitTest>
    <UnitTest name="ComprobantePago.Tests.HU01.CA01_ValidacionAutomaticaSunatTests.ValidarXml_AceptaTiposDeDocumentoPermitidos(tipoDoc: &quot;03&quot;, serie: &quot;B001&quot;, descripcion: &quot;Boleta de venta&quot;)" storage="c:\blazaro\aplicacioncomprobantepago\comprobantepago\comprobantepago.tests\bin\debug\net8.0\comprobantepago.tests.dll" id="340219e2-d434-d791-0c44-fab065b49896">
      <Execution id="1519d8c7-063d-4e05-a1f0-b7a65fee0e9d" />
      <TestMethod codeBase="C:\blazaro\AplicacionComprobantePago\ComprobantePago\ComprobantePago.Tests\bin\Debug\net8.0\ComprobantePago.Tests.dll" adapterTypeName="executor://xunit/VsTestRunner2/netcoreapp" className="ComprobantePago.Tests.HU01.CA01_ValidacionAutomaticaSunatTests" name="ValidarXml_AceptaTiposDeDocumentoPermitidos" />
    </UnitTest>
    <UnitTest name="ComprobantePago.Tests.HU01.CA01_ValidacionAutomaticaSunatTests.ValidarXml_AceptaTiposDeDocumentoPermitidos(tipoDoc: &quot;01&quot;, serie: &quot;F001&quot;, descripcion: &quot;Factura&quot;)" storage="c:\blazaro\aplicacioncomprobantepago\comprobantepago\comprobantepago.tests\bin\debug\net8.0\comprobantepago.tests.dll" id="daaa1b9d-1a5f-29fc-6f1e-13723bcbd29f">
      <Execution id="644021de-cdd4-49f7-8b80-7dc300e2d733" />
      <TestMethod codeBase="C:\blazaro\AplicacionComprobantePago\ComprobantePago\ComprobantePago.Tests\bin\Debug\net8.0\ComprobantePago.Tests.dll" adapterTypeName="executor://xunit/VsTestRunner2/netcoreapp" className="ComprobantePago.Tests.HU01.CA01_ValidacionAutomaticaSunatTests" name="ValidarXml_AceptaTiposDeDocumentoPermitidos" />
    </UnitTest>
    <UnitTest name="ComprobantePago.Tests.HU01.CA03_AlertaComprobanteDadoDeBajaTests.ValidarXml_CuandoComprobanteDadoDeBaja_ExitoEsFalso" storage="c:\blazaro\aplicacioncomprobantepago\comprobantepago\comprobantepago.tests\bin\debug\net8.0\comprobantepago.tests.dll" id="40cd0fdd-6bad-bf99-8581-b493594070f4">
      <Execution id="9e2f2bc5-1e91-4d15-a6c2-b1423849030c" />
      <TestMethod codeBase="C:\blazaro\AplicacionComprobantePago\ComprobantePago\ComprobantePago.Tests\bin\Debug\net8.0\ComprobantePago.Tests.dll" adapterTypeName="executor://xunit/VsTestRunner2/netcoreapp" className="ComprobantePago.Tests.HU01.CA03_AlertaComprobanteDadoDeBajaTests" name="ValidarXml_CuandoComprobanteDadoDeBaja_ExitoEsFalso" />
    </UnitTest>
    <UnitTest name="ComprobantePago.Tests.HU01.CA03_AlertaComprobanteDadoDeBajaTests.ValidarXml_CuandoComprobanteDadoDeBaja_IncluyeMotivoRechazo" storage="c:\blazaro\aplicacioncomprobantepago\comprobantepago\comprobantepago.tests\bin\debug\net8.0\comprobantepago.tests.dll" id="08e4d827-f67c-ad7d-ac4d-4fcd94db18c4">
      <Execution id="595841de-f7d9-4848-8897-ba84648c99c8" />
      <TestMethod codeBase="C:\blazaro\AplicacionComprobantePago\ComprobantePago\ComprobantePago.Tests\bin\Debug\net8.0\ComprobantePago.Tests.dll" adapterTypeName="executor://xunit/VsTestRunner2/netcoreapp" className="ComprobantePago.Tests.HU01.CA03_AlertaComprobanteDadoDeBajaTests" name="ValidarXml_CuandoComprobanteDadoDeBaja_IncluyeMotivoRechazo" />
    </UnitTest>
    <UnitTest name="ComprobantePago.Tests.HU01.CA01_ValidacionAutomaticaSunatTests.ValidarZip_InvocaSunatConDatosDelXmlInterno" storage="c:\blazaro\aplicacioncomprobantepago\comprobantepago\comprobantepago.tests\bin\debug\net8.0\comprobantepago.tests.dll" id="2f0f803f-a671-621a-2531-ca13a1b6c1d8">
      <Execution id="3c41bc0b-0e33-4efb-8ab1-e25511eab527" />
      <TestMethod codeBase="C:\blazaro\AplicacionComprobantePago\ComprobantePago\ComprobantePago.Tests\bin\Debug\net8.0\ComprobantePago.Tests.dll" adapterTypeName="executor://xunit/VsTestRunner2/netcoreapp" className="ComprobantePago.Tests.HU01.CA01_ValidacionAutomaticaSunatTests" name="ValidarZip_InvocaSunatConDatosDelXmlInterno" />
    </UnitTest>
    <UnitTest name="ComprobantePago.Tests.HU01.CA04_GeneracionFolioTests.GenerarFolio_IncremntaCorrelativamente_CuandaYaExistenComprobantes" storage="c:\blazaro\aplicacioncomprobantepago\comprobantepago\comprobantepago.tests\bin\debug\net8.0\comprobantepago.tests.dll" id="6e60a625-41f7-a69e-c8b1-c9728c5ecd2f">
      <Execution id="e46333f6-c3a5-4482-85ef-fa14e239ec99" />
      <TestMethod codeBase="C:\blazaro\AplicacionComprobantePago\ComprobantePago\ComprobantePago.Tests\bin\Debug\net8.0\ComprobantePago.Tests.dll" adapterTypeName="executor://xunit/VsTestRunner2/netcoreapp" className="ComprobantePago.Tests.HU01.CA04_GeneracionFolioTests" name="GenerarFolio_IncremntaCorrelativamente_CuandaYaExistenComprobantes" />
    </UnitTest>
    <UnitTest name="ComprobantePago.Tests.HU01.CA04_GeneracionFolioTests.GenerarFolio_CorrelativoEsDeCuatroDigitos" storage="c:\blazaro\aplicacioncomprobantepago\comprobantepago\comprobantepago.tests\bin\debug\net8.0\comprobantepago.tests.dll" id="3449da85-fdbc-aa3b-7794-70dd7ee30d1c">
      <Execution id="55754727-1a0a-4955-8ea6-e6bd1053e54e" />
      <TestMethod codeBase="C:\blazaro\AplicacionComprobantePago\ComprobantePago\ComprobantePago.Tests\bin\Debug\net8.0\ComprobantePago.Tests.dll" adapterTypeName="executor://xunit/VsTestRunner2/netcoreapp" className="ComprobantePago.Tests.HU01.CA04_GeneracionFolioTests" name="GenerarFolio_CorrelativoEsDeCuatroDigitos" />
    </UnitTest>
    <UnitTest name="ComprobantePago.Tests.HU01.CA01_ValidacionAutomaticaSunatTests.ValidarZip_CuandoSunatAcepta_RetornaFolioGenerado" storage="c:\blazaro\aplicacioncomprobantepago\comprobantepago\comprobantepago.tests\bin\debug\net8.0\comprobantepago.tests.dll" id="fefc390a-1cdd-e5d1-d335-2f6621693635">
      <Execution id="067cb651-0557-4388-bfde-e6ecc63a23d7" />
      <TestMethod codeBase="C:\blazaro\AplicacionComprobantePago\ComprobantePago\ComprobantePago.Tests\bin\Debug\net8.0\ComprobantePago.Tests.dll" adapterTypeName="executor://xunit/VsTestRunner2/netcoreapp" className="ComprobantePago.Tests.HU01.CA01_ValidacionAutomaticaSunatTests" name="ValidarZip_CuandoSunatAcepta_RetornaFolioGenerado" />
    </UnitTest>
    <UnitTest name="ComprobantePago.Tests.HU01.CA04_GeneracionFolioTests.GenerarFolio_ContieneAnioActual" storage="c:\blazaro\aplicacioncomprobantepago\comprobantepago\comprobantepago.tests\bin\debug\net8.0\comprobantepago.tests.dll" id="1a29d69b-e5bc-11ec-6c81-0dcc80a4dc6c">
      <Execution id="ea3fd5ff-0dbc-47a4-9229-0604b9be9fcb" />
      <TestMethod codeBase="C:\blazaro\AplicacionComprobantePago\ComprobantePago\ComprobantePago.Tests\bin\Debug\net8.0\ComprobantePago.Tests.dll" adapterTypeName="executor://xunit/VsTestRunner2/netcoreapp" className="ComprobantePago.Tests.HU01.CA04_GeneracionFolioTests" name="GenerarFolio_ContieneAnioActual" />
    </UnitTest>
    <UnitTest name="ComprobantePago.Tests.HU01.CA03_AlertaComprobanteDadoDeBajaTests.ValidarXml_CuandoComprobanteDadoDeBaja_ReportaCodigoAnulado" storage="c:\blazaro\aplicacioncomprobantepago\comprobantepago\comprobantepago.tests\bin\debug\net8.0\comprobantepago.tests.dll" id="4f9a55e5-93e9-78a9-c629-3597b801785c">
      <Execution id="e728d417-a988-4aee-9f06-243fe99991c4" />
      <TestMethod codeBase="C:\blazaro\AplicacionComprobantePago\ComprobantePago\ComprobantePago.Tests\bin\Debug\net8.0\ComprobantePago.Tests.dll" adapterTypeName="executor://xunit/VsTestRunner2/netcoreapp" className="ComprobantePago.Tests.HU01.CA03_AlertaComprobanteDadoDeBajaTests" name="ValidarXml_CuandoComprobanteDadoDeBaja_ReportaCodigoAnulado" />
    </UnitTest>
    <UnitTest name="ComprobantePago.Tests.HU01.CA02_AlertaDocumentoNoValidadoTests.ValidarZip_CuandoSunatNoEncuentraComprobante_NoGeneraFolio" storage="c:\blazaro\aplicacioncomprobantepago\comprobantepago\comprobantepago.tests\bin\debug\net8.0\comprobantepago.tests.dll" id="d7a8a645-27ff-cada-176b-081dad9c5361">
      <Execution id="68c1a399-b820-4612-b009-876c7ab42a0b" />
      <TestMethod codeBase="C:\blazaro\AplicacionComprobantePago\ComprobantePago\ComprobantePago.Tests\bin\Debug\net8.0\ComprobantePago.Tests.dll" adapterTypeName="executor://xunit/VsTestRunner2/netcoreapp" className="ComprobantePago.Tests.HU01.CA02_AlertaDocumentoNoValidadoTests" name="ValidarZip_CuandoSunatNoEncuentraComprobante_NoGeneraFolio" />
    </UnitTest>
    <UnitTest name="ComprobantePago.Tests.HU01.CA03_AlertaComprobanteDadoDeBajaTests.ValidarXml_CuandoComprobanteDadoDeBaja_NoGeneraFolio" storage="c:\blazaro\aplicacioncomprobantepago\comprobantepago\comprobantepago.tests\bin\debug\net8.0\comprobantepago.tests.dll" id="527e021f-9b13-748a-ebe4-08761cf23cae">
      <Execution id="1820f6ad-f31d-4cf9-add3-224c70492996" />
      <TestMethod codeBase="C:\blazaro\AplicacionComprobantePago\ComprobantePago\ComprobantePago.Tests\bin\Debug\net8.0\ComprobantePago.Tests.dll" adapterTypeName="executor://xunit/VsTestRunner2/netcoreapp" className="ComprobantePago.Tests.HU01.CA03_AlertaComprobanteDadoDeBajaTests" name="ValidarXml_CuandoComprobanteDadoDeBaja_NoGeneraFolio" />
    </UnitTest>
    <UnitTest name="ComprobantePago.Tests.HU01.CA01_ValidacionAutomaticaSunatTests.ValidarXml_AceptaTiposDeDocumentoPermitidos(tipoDoc: &quot;08&quot;, serie: &quot;FD01&quot;, descripcion: &quot;Nota de débito&quot;)" storage="c:\blazaro\aplicacioncomprobantepago\comprobantepago\comprobantepago.tests\bin\debug\net8.0\comprobantepago.tests.dll" id="a16140d9-7686-5e9b-7b50-9e2b1b994d3b">
      <Execution id="170e8750-4219-4bda-8b0f-b66397b61172" />
      <TestMethod codeBase="C:\blazaro\AplicacionComprobantePago\ComprobantePago\ComprobantePago.Tests\bin\Debug\net8.0\ComprobantePago.Tests.dll" adapterTypeName="executor://xunit/VsTestRunner2/netcoreapp" className="ComprobantePago.Tests.HU01.CA01_ValidacionAutomaticaSunatTests" name="ValidarXml_AceptaTiposDeDocumentoPermitidos" />
    </UnitTest>
    <UnitTest name="ComprobantePago.Tests.HU01.CA02_AlertaDocumentoNoValidadoTests.ValidarXml_CuandoFallaConexionSunat_RetornaError" storage="c:\blazaro\aplicacioncomprobantepago\comprobantepago\comprobantepago.tests\bin\debug\net8.0\comprobantepago.tests.dll" id="f0b5f313-3f45-5a3c-aaac-403650d79ae7">
      <Execution id="ae55f48f-69fb-49f1-8c95-b48a687a1109" />
      <TestMethod codeBase="C:\blazaro\AplicacionComprobantePago\ComprobantePago\ComprobantePago.Tests\bin\Debug\net8.0\ComprobantePago.Tests.dll" adapterTypeName="executor://xunit/VsTestRunner2/netcoreapp" className="ComprobantePago.Tests.HU01.CA02_AlertaDocumentoNoValidadoTests" name="ValidarXml_CuandoFallaConexionSunat_RetornaError" />
    </UnitTest>
    <UnitTest name="ComprobantePago.Tests.HU01.CA01_ValidacionAutomaticaSunatTests.ValidarXml_InvocaSunatConDatosExtraidos" storage="c:\blazaro\aplicacioncomprobantepago\comprobantepago\comprobantepago.tests\bin\debug\net8.0\comprobantepago.tests.dll" id="84be820b-6040-a3e1-e337-1274bd94aff1">
      <Execution id="25f2b4d7-e116-42b7-993a-bfedcb7e100c" />
      <TestMethod codeBase="C:\blazaro\AplicacionComprobantePago\ComprobantePago\ComprobantePago.Tests\bin\Debug\net8.0\ComprobantePago.Tests.dll" adapterTypeName="executor://xunit/VsTestRunner2/netcoreapp" className="ComprobantePago.Tests.HU01.CA01_ValidacionAutomaticaSunatTests" name="ValidarXml_InvocaSunatConDatosExtraidos" />
    </UnitTest>
    <UnitTest name="ComprobantePago.Tests.HU01.CA01_ValidacionAutomaticaSunatTests.ValidarXml_AceptaTiposDeDocumentoPermitidos(tipoDoc: &quot;07&quot;, serie: &quot;FC01&quot;, descripcion: &quot;Nota de crédito&quot;)" storage="c:\blazaro\aplicacioncomprobantepago\comprobantepago\comprobantepago.tests\bin\debug\net8.0\comprobantepago.tests.dll" id="c2f59b63-65a1-6c47-010b-58ebdf8195b2">
      <Execution id="526fbd8b-841f-46f3-809c-9f0452a4a064" />
      <TestMethod codeBase="C:\blazaro\AplicacionComprobantePago\ComprobantePago\ComprobantePago.Tests\bin\Debug\net8.0\ComprobantePago.Tests.dll" adapterTypeName="executor://xunit/VsTestRunner2/netcoreapp" className="ComprobantePago.Tests.HU01.CA01_ValidacionAutomaticaSunatTests" name="ValidarXml_AceptaTiposDeDocumentoPermitidos" />
    </UnitTest>
    <UnitTest name="ComprobantePago.Tests.HU01.CA04_GeneracionFolioTests.GenerarFolio_CuandoSunatRechaza_NoGeneraFolio" storage="c:\blazaro\aplicacioncomprobantepago\comprobantepago\comprobantepago.tests\bin\debug\net8.0\comprobantepago.tests.dll" id="9a4e614b-0122-223c-c897-d8284a2185b5">
      <Execution id="996f2641-4417-4b39-b767-64c10b30e5da" />
      <TestMethod codeBase="C:\blazaro\AplicacionComprobantePago\ComprobantePago\ComprobantePago.Tests\bin\Debug\net8.0\ComprobantePago.Tests.dll" adapterTypeName="executor://xunit/VsTestRunner2/netcoreapp" className="ComprobantePago.Tests.HU01.CA04_GeneracionFolioTests" name="GenerarFolio_CuandoSunatRechaza_NoGeneraFolio" />
    </UnitTest>
    <UnitTest name="ComprobantePago.Tests.HU01.CA02_AlertaDocumentoNoValidadoTests.ValidarXml_CuandoNoExisteEnSunat_NoGeneraFolio" storage="c:\blazaro\aplicacioncomprobantepago\comprobantepago\comprobantepago.tests\bin\debug\net8.0\comprobantepago.tests.dll" id="78279c45-cfe6-55ec-c516-423e315f9387">
      <Execution id="bd1febee-3c6c-4b22-a51c-908ec17e3e5b" />
      <TestMethod codeBase="C:\blazaro\AplicacionComprobantePago\ComprobantePago\ComprobantePago.Tests\bin\Debug\net8.0\ComprobantePago.Tests.dll" adapterTypeName="executor://xunit/VsTestRunner2/netcoreapp" className="ComprobantePago.Tests.HU01.CA02_AlertaDocumentoNoValidadoTests" name="ValidarXml_CuandoNoExisteEnSunat_NoGeneraFolio" />
    </UnitTest>
    <UnitTest name="ComprobantePago.Tests.HU01.CA02_AlertaDocumentoNoValidadoTests.ValidarZip_SinXmlInterno_RetornaErrorSinLlamarSunat" storage="c:\blazaro\aplicacioncomprobantepago\comprobantepago\comprobantepago.tests\bin\debug\net8.0\comprobantepago.tests.dll" id="8d6670c2-31c1-6c8d-731e-e6c42ec9c36d">
      <Execution id="bd60ed81-8bb5-47fa-ae9b-88aee8bdb6bd" />
      <TestMethod codeBase="C:\blazaro\AplicacionComprobantePago\ComprobantePago\ComprobantePago.Tests\bin\Debug\net8.0\ComprobantePago.Tests.dll" adapterTypeName="executor://xunit/VsTestRunner2/netcoreapp" className="ComprobantePago.Tests.HU01.CA02_AlertaDocumentoNoValidadoTests" name="ValidarZip_SinXmlInterno_RetornaErrorSinLlamarSunat" />
    </UnitTest>
    <UnitTest name="ComprobantePago.Tests.HU01.CA01_ValidacionAutomaticaSunatTests.ValidarXml_CuandoSunatAcepta_RetornaFolioGenerado" storage="c:\blazaro\aplicacioncomprobantepago\comprobantepago\comprobantepago.tests\bin\debug\net8.0\comprobantepago.tests.dll" id="cb0def2d-dfe7-7d39-1751-b3888ad92bce">
      <Execution id="602d107d-fe0b-4270-906a-384ad38629b6" />
      <TestMethod codeBase="C:\blazaro\AplicacionComprobantePago\ComprobantePago\ComprobantePago.Tests\bin\Debug\net8.0\ComprobantePago.Tests.dll" adapterTypeName="executor://xunit/VsTestRunner2/netcoreapp" className="ComprobantePago.Tests.HU01.CA01_ValidacionAutomaticaSunatTests" name="ValidarXml_CuandoSunatAcepta_RetornaFolioGenerado" />
    </UnitTest>
    <UnitTest name="ComprobantePago.Tests.HU01.CA03_AlertaComprobanteDadoDeBajaTests.ValidarZip_CuandoComprobanteDadoDeBaja_NoGeneraFolio" storage="c:\blazaro\aplicacioncomprobantepago\comprobantepago\comprobantepago.tests\bin\debug\net8.0\comprobantepago.tests.dll" id="4ac1a86e-e68c-2a78-9bbe-50b0d2c97797">
      <Execution id="49c44817-2100-48e3-b296-17a406577988" />
      <TestMethod codeBase="C:\blazaro\AplicacionComprobantePago\ComprobantePago\ComprobantePago.Tests\bin\Debug\net8.0\ComprobantePago.Tests.dll" adapterTypeName="executor://xunit/VsTestRunner2/netcoreapp" className="ComprobantePago.Tests.HU01.CA03_AlertaComprobanteDadoDeBajaTests" name="ValidarZip_CuandoComprobanteDadoDeBaja_NoGeneraFolio" />
    </UnitTest>
    <UnitTest name="ComprobantePago.Tests.HU01.CA01_ValidacionAutomaticaSunatTests.ValidarXml_CuandoSunatAutorizaImprenta_RetornaFolioGenerado" storage="c:\blazaro\aplicacioncomprobantepago\comprobantepago\comprobantepago.tests\bin\debug\net8.0\comprobantepago.tests.dll" id="6acdc7c3-dd94-682a-35e0-dc70331594a5">
      <Execution id="63261d7a-eaeb-4bb4-b303-4d1d0b476a70" />
      <TestMethod codeBase="C:\blazaro\AplicacionComprobantePago\ComprobantePago\ComprobantePago.Tests\bin\Debug\net8.0\ComprobantePago.Tests.dll" adapterTypeName="executor://xunit/VsTestRunner2/netcoreapp" className="ComprobantePago.Tests.HU01.CA01_ValidacionAutomaticaSunatTests" name="ValidarXml_CuandoSunatAutorizaImprenta_RetornaFolioGenerado" />
    </UnitTest>
  </TestDefinitions>
  <TestEntries>
    <TestEntry testId="4ac1a86e-e68c-2a78-9bbe-50b0d2c97797" executionId="49c44817-2100-48e3-b296-17a406577988" testListId="8c84fa94-04c1-424b-9868-57a2d4851a1d" />
    <TestEntry testId="84be820b-6040-a3e1-e337-1274bd94aff1" executionId="25f2b4d7-e116-42b7-993a-bfedcb7e100c" testListId="8c84fa94-04c1-424b-9868-57a2d4851a1d" />
    <TestEntry testId="3449da85-fdbc-aa3b-7794-70dd7ee30d1c" executionId="55754727-1a0a-4955-8ea6-e6bd1053e54e" testListId="8c84fa94-04c1-424b-9868-57a2d4851a1d" />
    <TestEntry testId="cb0def2d-dfe7-7d39-1751-b3888ad92bce" executionId="602d107d-fe0b-4270-906a-384ad38629b6" testListId="8c84fa94-04c1-424b-9868-57a2d4851a1d" />
    <TestEntry testId="6e60a625-41f7-a69e-c8b1-c9728c5ecd2f" executionId="e46333f6-c3a5-4482-85ef-fa14e239ec99" testListId="8c84fa94-04c1-424b-9868-57a2d4851a1d" />
    <TestEntry testId="340219e2-d434-d791-0c44-fab065b49896" executionId="1519d8c7-063d-4e05-a1f0-b7a65fee0e9d" testListId="8c84fa94-04c1-424b-9868-57a2d4851a1d" />
    <TestEntry testId="9a4e614b-0122-223c-c897-d8284a2185b5" executionId="996f2641-4417-4b39-b767-64c10b30e5da" testListId="8c84fa94-04c1-424b-9868-57a2d4851a1d" />
    <TestEntry testId="daaa1b9d-1a5f-29fc-6f1e-13723bcbd29f" executionId="644021de-cdd4-49f7-8b80-7dc300e2d733" testListId="8c84fa94-04c1-424b-9868-57a2d4851a1d" />
    <TestEntry testId="2f0f803f-a671-621a-2531-ca13a1b6c1d8" executionId="3c41bc0b-0e33-4efb-8ab1-e25511eab527" testListId="8c84fa94-04c1-424b-9868-57a2d4851a1d" />
    <TestEntry testId="78279c45-cfe6-55ec-c516-423e315f9387" executionId="bd1febee-3c6c-4b22-a51c-908ec17e3e5b" testListId="8c84fa94-04c1-424b-9868-57a2d4851a1d" />
    <TestEntry testId="527e021f-9b13-748a-ebe4-08761cf23cae" executionId="1820f6ad-f31d-4cf9-add3-224c70492996" testListId="8c84fa94-04c1-424b-9868-57a2d4851a1d" />
    <TestEntry testId="d7a8a645-27ff-cada-176b-081dad9c5361" executionId="68c1a399-b820-4612-b009-876c7ab42a0b" testListId="8c84fa94-04c1-424b-9868-57a2d4851a1d" />
    <TestEntry testId="3d82f3fd-4a5f-3242-776f-d678c14fee53" executionId="bb6aee92-1bf8-49cc-8c8c-e14ca46f8923" testListId="8c84fa94-04c1-424b-9868-57a2d4851a1d" />
    <TestEntry testId="a16140d9-7686-5e9b-7b50-9e2b1b994d3b" executionId="170e8750-4219-4bda-8b0f-b66397b61172" testListId="8c84fa94-04c1-424b-9868-57a2d4851a1d" />
    <TestEntry testId="fefc390a-1cdd-e5d1-d335-2f6621693635" executionId="067cb651-0557-4388-bfde-e6ecc63a23d7" testListId="8c84fa94-04c1-424b-9868-57a2d4851a1d" />
    <TestEntry testId="c2f59b63-65a1-6c47-010b-58ebdf8195b2" executionId="526fbd8b-841f-46f3-809c-9f0452a4a064" testListId="8c84fa94-04c1-424b-9868-57a2d4851a1d" />
    <TestEntry testId="5fa88189-4b6a-d6cd-ae61-d5aebc178d40" executionId="e6d0a6fc-64e5-4b5f-af5d-e67b31e733f1" testListId="8c84fa94-04c1-424b-9868-57a2d4851a1d" />
    <TestEntry testId="40cd0fdd-6bad-bf99-8581-b493594070f4" executionId="9e2f2bc5-1e91-4d15-a6c2-b1423849030c" testListId="8c84fa94-04c1-424b-9868-57a2d4851a1d" />
    <TestEntry testId="08e4d827-f67c-ad7d-ac4d-4fcd94db18c4" executionId="595841de-f7d9-4848-8897-ba84648c99c8" testListId="8c84fa94-04c1-424b-9868-57a2d4851a1d" />
    <TestEntry testId="1a29d69b-e5bc-11ec-6c81-0dcc80a4dc6c" executionId="ea3fd5ff-0dbc-47a4-9229-0604b9be9fcb" testListId="8c84fa94-04c1-424b-9868-57a2d4851a1d" />
    <TestEntry testId="4f9a55e5-93e9-78a9-c629-3597b801785c" executionId="e728d417-a988-4aee-9f06-243fe99991c4" testListId="8c84fa94-04c1-424b-9868-57a2d4851a1d" />
    <TestEntry testId="8d6670c2-31c1-6c8d-731e-e6c42ec9c36d" executionId="bd60ed81-8bb5-47fa-ae9b-88aee8bdb6bd" testListId="8c84fa94-04c1-424b-9868-57a2d4851a1d" />
    <TestEntry testId="f0b5f313-3f45-5a3c-aaac-403650d79ae7" executionId="ae55f48f-69fb-49f1-8c95-b48a687a1109" testListId="8c84fa94-04c1-424b-9868-57a2d4851a1d" />
    <TestEntry testId="6acdc7c3-dd94-682a-35e0-dc70331594a5" executionId="63261d7a-eaeb-4bb4-b303-4d1d0b476a70" testListId="8c84fa94-04c1-424b-9868-57a2d4851a1d" />
    <TestEntry testId="bb6480e4-9d63-bec0-2377-91ee4f871968" executionId="ef65f903-0701-4e1f-8060-4469c2e7b0aa" testListId="8c84fa94-04c1-424b-9868-57a2d4851a1d" />
  </TestEntries>
  <TestLists>
    <TestList name="Resultados sin formato de lista" id="8c84fa94-04c1-424b-9868-57a2d4851a1d" />
    <TestList name="Todos los resultados cargados" id="19431567-8539-422a-85d7-44ee4e166bda" />
  </TestLists>
  <ResultSummary outcome="Completed">
    <Counters total="25" executed="25" passed="25" failed="0" error="0" timeout="0" aborted="0" inconclusive="0" passedButRunAborted="0" notRunnable="0" notExecuted="0" disconnected="0" warning="0" completed="0" inProgress="0" pending="0" />
    <Output>
      <StdOut>[xUnit.net 00:00:00.00] xUnit.net VSTest Adapter v2.5.7+8f2703126a (64-bit .NET 8.0.17)&#xD;
[xUnit.net 00:00:00.04]   Discovering: ComprobantePago.Tests&#xD;
[xUnit.net 00:00:00.07]   Discovered:  ComprobantePago.Tests&#xD;
[xUnit.net 00:00:00.07]   Starting:    ComprobantePago.Tests&#xD;
[xUnit.net 00:00:00.65]   Finished:    ComprobantePago.Tests&#xD;
</StdOut>
    </Output>
  </ResultSummary>
</TestRun>