<?xml version="1.0" encoding="utf-8"?>
<TestRun id="f5704837-f245-4096-8ff1-fef7f1635078" name="blazaro@BLAZARO 2026-04-08 09:40:52" runUser="TECSUR\blazaro" xmlns="http://microsoft.com/schemas/VisualStudio/TeamTest/2010">
  <Times creation="2026-04-08T09:40:52.5920647-05:00" queuing="2026-04-08T09:40:52.5920650-05:00" start="2026-04-08T09:40:51.7186916-05:00" finish="2026-04-08T09:40:53.1737812-05:00" />
  <TestSettings name="default" id="d7fea10a-f500-4c51-a404-0ce13eaded23">
    <Deployment runDeploymentRoot="blazaro_BLAZARO_2026-04-08_09_40_52" />
  </TestSettings>
  <Results>
    <UnitTestResult executionId="6a6054bb-55de-4d1b-b256-505d82936f97" testId="fcb3e288-c8d0-cead-ec8c-2cf540c73ab4" testName="ComprobantePago.Tests.HU02.CA02_CamposObligatoriosTests.Validar_ConDetraccionPorcentajeSuperior100_Falla" computerName="BLAZARO" duration="00:00:00.0006383" startTime="2026-04-08T09:40:52.5369809-05:00" endTime="2026-04-08T09:40:52.5369810-05:00" testType="13cdc9d9-ddb5-4fa4-a97d-d965ccfc6d4b" outcome="Passed" testListId="8c84fa94-04c1-424b-9868-57a2d4851a1d" relativeResultsDirectory="6a6054bb-55de-4d1b-b256-505d82936f97" />
    <UnitTestResult executionId="0fc6a9b0-382a-48a3-89a4-f1dbead927cd" testId="7db68d7a-2162-1a17-64c9-6a1f6ad9de1d" testName="ComprobantePago.Tests.HU02.CA01_ExtraccionDatosXmlTests.LeerXml_CuandoTieneDetraccion_DetectaFlag" computerName="BLAZARO" duration="00:00:00.0229551" startTime="2026-04-08T09:40:52.5677855-05:00" endTime="2026-04-08T09:40:52.5677855-05:00" testType="13cdc9d9-ddb5-4fa4-a97d-d965ccfc6d4b" outcome="Passed" testListId="8c84fa94-04c1-424b-9868-57a2d4851a1d" relativeResultsDirectory="0fc6a9b0-382a-48a3-89a4-f1dbead927cd" />
    <UnitTestResult executionId="336326dd-bf75-48f4-b39c-cbc1613171bd" testId="d886b68b-6257-cdc9-417a-b1c8b3b57218" testName="ComprobantePago.Tests.HU02.CA03_FacturacionManualTests.GuardarManual_AceptaTiposDeComprobanteInterno(tipoDocumento: &quot;RP&quot;, descripcion: &quot;Recibo de agua/luz/teléfono&quot;)" computerName="BLAZARO" duration="00:00:00.0003468" startTime="2026-04-08T09:40:53.1071238-05:00" endTime="2026-04-08T09:40:53.1071239-05:00" testType="13cdc9d9-ddb5-4fa4-a97d-d965ccfc6d4b" outcome="Passed" testListId="8c84fa94-04c1-424b-9868-57a2d4851a1d" relativeResultsDirectory="336326dd-bf75-48f4-b39c-cbc1613171bd" />
    <UnitTestResult executionId="3401234f-5689-4849-8a7c-68d60b494402" testId="a92615cc-7165-ec7f-9d77-edfd0fe80660" testName="ComprobantePago.Tests.HU02.CA03_FacturacionManualTests.GuardarManual_AceptaTiposDeComprobanteInterno(tipoDocumento: &quot;VC&quot;, descripcion: &quot;Vale de caja&quot;)" computerName="BLAZARO" duration="00:00:00.6342867" startTime="2026-04-08T09:40:53.0808045-05:00" endTime="2026-04-08T09:40:53.0808047-05:00" testType="13cdc9d9-ddb5-4fa4-a97d-d965ccfc6d4b" outcome="Passed" testListId="8c84fa94-04c1-424b-9868-57a2d4851a1d" relativeResultsDirectory="3401234f-5689-4849-8a7c-68d60b494402" />
    <UnitTestResult executionId="f5daec06-eb9a-45c8-b588-1636cb32b802" testId="ed146f86-c1f8-3b75-5876-5e3af4152194" testName="ComprobantePago.Tests.HU02.CA02_CamposObligatoriosTests.Validar_RazonSocialSuperaMaximo_Falla" computerName="BLAZARO" duration="00:00:00.0006167" startTime="2026-04-08T09:40:52.5676878-05:00" endTime="2026-04-08T09:40:52.5676879-05:00" testType="13cdc9d9-ddb5-4fa4-a97d-d965ccfc6d4b" outcome="Passed" testListId="8c84fa94-04c1-424b-9868-57a2d4851a1d" relativeResultsDirectory="f5daec06-eb9a-45c8-b588-1636cb32b802" />
    <UnitTestResult executionId="ee57673d-c0e6-4285-976d-a60a08abe942" testId="fe273b18-f5ca-ae54-2030-79c7db073f10" testName="ComprobantePago.Tests.HU02.CA02_CamposObligatoriosTests.Validar_MontoTotalCero_Falla" computerName="BLAZARO" duration="00:00:00.0098265" startTime="2026-04-08T09:40:52.5676606-05:00" endTime="2026-04-08T09:40:52.5676607-05:00" testType="13cdc9d9-ddb5-4fa4-a97d-d965ccfc6d4b" outcome="Passed" testListId="8c84fa94-04c1-424b-9868-57a2d4851a1d" relativeResultsDirectory="ee57673d-c0e6-4285-976d-a60a08abe942" />
    <UnitTestResult executionId="b655ae73-6d5d-402d-8cb2-d71a13c3137a" testId="50d8bef0-11ca-a75b-4d32-cf189e93a7e3" testName="ComprobantePago.Tests.HU02.CA01_ExtraccionDatosXmlTests.LeerXml_ExtraeMontoTotal" computerName="BLAZARO" duration="00:00:00.0001229" startTime="2026-04-08T09:40:52.5682810-05:00" endTime="2026-04-08T09:40:52.5682811-05:00" testType="13cdc9d9-ddb5-4fa4-a97d-d965ccfc6d4b" outcome="Passed" testListId="8c84fa94-04c1-424b-9868-57a2d4851a1d" relativeResultsDirectory="b655ae73-6d5d-402d-8cb2-d71a13c3137a" />
    <UnitTestResult executionId="97d07019-2ec9-466c-9d6e-4d85995a1a59" testId="d3863f3c-d514-28e6-a43f-d65390cdcf8b" testName="ComprobantePago.Tests.HU02.CA02_CamposObligatoriosTests.Validar_RucVacio_FallaConMensaje" computerName="BLAZARO" duration="00:00:00.0004857" startTime="2026-04-08T09:40:52.5362083-05:00" endTime="2026-04-08T09:40:52.5362084-05:00" testType="13cdc9d9-ddb5-4fa4-a97d-d965ccfc6d4b" outcome="Passed" testListId="8c84fa94-04c1-424b-9868-57a2d4851a1d" relativeResultsDirectory="97d07019-2ec9-466c-9d6e-4d85995a1a59" />
    <UnitTestResult executionId="d67258c6-fd2d-4e02-b0b5-a7f974ab4ea5" testId="3787595c-430b-6949-81f1-e91abd9d54be" testName="ComprobantePago.Tests.HU02.CA01_ExtraccionDatosXmlTests.LeerXml_ExtraeNumero" computerName="BLAZARO" duration="00:00:00.0001271" startTime="2026-04-08T09:40:52.5683010-05:00" endTime="2026-04-08T09:40:52.5683011-05:00" testType="13cdc9d9-ddb5-4fa4-a97d-d965ccfc6d4b" outcome="Passed" testListId="8c84fa94-04c1-424b-9868-57a2d4851a1d" relativeResultsDirectory="d67258c6-fd2d-4e02-b0b5-a7f974ab4ea5" />
    <UnitTestResult executionId="7c06eabe-d3cd-4df8-aea9-afc352661914" testId="dfd7a954-6540-e13c-e200-cf790e92a9d2" testName="ComprobantePago.Tests.HU02.CA01_ExtraccionDatosXmlTests.LeerXml_CuandoNoTieneDetraccion_FlagEsFalso" computerName="BLAZARO" duration="00:00:00.0000972" startTime="2026-04-08T09:40:52.5682115-05:00" endTime="2026-04-08T09:40:52.5682116-05:00" testType="13cdc9d9-ddb5-4fa4-a97d-d965ccfc6d4b" outcome="Passed" testListId="8c84fa94-04c1-424b-9868-57a2d4851a1d" relativeResultsDirectory="7c06eabe-d3cd-4df8-aea9-afc352661914" />
    <UnitTestResult executionId="9c398189-fbd7-4d79-a281-0d5aa10c4470" testId="f61600fd-1597-dfdf-17b7-8fcc0313cb51" testName="ComprobantePago.Tests.HU02.CA02_CamposObligatoriosTests.Validar_TipoSunatVacio_Falla" computerName="BLAZARO" duration="00:00:00.0005270" startTime="2026-04-08T09:40:52.5668478-05:00" endTime="2026-04-08T09:40:52.5668479-05:00" testType="13cdc9d9-ddb5-4fa4-a97d-d965ccfc6d4b" outcome="Passed" testListId="8c84fa94-04c1-424b-9868-57a2d4851a1d" relativeResultsDirectory="9c398189-fbd7-4d79-a281-0d5aa10c4470" />
    <UnitTestResult executionId="77aea871-a904-4e1d-a3fb-9f0a27620b97" testId="867e44db-675a-c8c6-bb13-8d1bbd2e2d2e" testName="ComprobantePago.Tests.HU02.CA01_ExtraccionDatosXmlTests.LeerXml_ExtraeFechaEnFormatoDdMmYyyy" computerName="BLAZARO" duration="00:00:00.0000944" startTime="2026-04-08T09:40:52.5682390-05:00" endTime="2026-04-08T09:40:52.5682391-05:00" testType="13cdc9d9-ddb5-4fa4-a97d-d965ccfc6d4b" outcome="Passed" testListId="8c84fa94-04c1-424b-9868-57a2d4851a1d" relativeResultsDirectory="77aea871-a904-4e1d-a3fb-9f0a27620b97" />
    <UnitTestResult executionId="cf407536-94dc-4fac-baba-12ffa5233012" testId="1b9bd291-e24f-a5c4-076b-fdb35c79aabe" testName="ComprobantePago.Tests.HU02.CA01_ExtraccionDatosXmlTests.LeerXml_ExtraeRazonSocialProveedor" computerName="BLAZARO" duration="00:00:00.0825029" startTime="2026-04-08T09:40:52.5322404-05:00" endTime="2026-04-08T09:40:52.5322634-05:00" testType="13cdc9d9-ddb5-4fa4-a97d-d965ccfc6d4b" outcome="Passed" testListId="8c84fa94-04c1-424b-9868-57a2d4851a1d" relativeResultsDirectory="cf407536-94dc-4fac-baba-12ffa5233012" />
    <UnitTestResult executionId="bc95e1d4-36a1-4b81-a16f-dc03f48af508" testId="4a93f0aa-d9f2-1cd1-583f-133f0035fb6e" testName="ComprobantePago.Tests.HU02.CA03_FacturacionManualTests.GuardarManual_ConFolioExistente_ActualizaSinCrearDuplicado" computerName="BLAZARO" duration="00:00:00.0083139" startTime="2026-04-08T09:40:53.1155539-05:00" endTime="2026-04-08T09:40:53.1155540-05:00" testType="13cdc9d9-ddb5-4fa4-a97d-d965ccfc6d4b" outcome="Passed" testListId="8c84fa94-04c1-424b-9868-57a2d4851a1d" relativeResultsDirectory="bc95e1d4-36a1-4b81-a16f-dc03f48af508" />
    <UnitTestResult executionId="8357aff3-fcbb-4cfb-b681-c672a8f9cbb9" testId="08f5d51d-59e4-b8de-caaf-6cccf9d25dcf" testName="ComprobantePago.Tests.HU02.CA02_CamposObligatoriosTests.Validar_NumeroVacio_Falla" computerName="BLAZARO" duration="00:00:00.0002436" startTime="2026-04-08T09:40:52.5372749-05:00" endTime="2026-04-08T09:40:52.5372750-05:00" testType="13cdc9d9-ddb5-4fa4-a97d-d965ccfc6d4b" outcome="Passed" testListId="8c84fa94-04c1-424b-9868-57a2d4851a1d" relativeResultsDirectory="8357aff3-fcbb-4cfb-b681-c672a8f9cbb9" />
    <UnitTestResult executionId="36f7722f-4ff4-4021-8294-535965d83627" testId="a676a1a4-e88b-0053-da90-f7178df680bb" testName="ComprobantePago.Tests.HU02.CA02_CamposObligatoriosTests.Validar_SinDetraccion_PorcentajeNoSeValida" computerName="BLAZARO" duration="00:00:00.0003641" startTime="2026-04-08T09:40:52.5677152-05:00" endTime="2026-04-08T09:40:52.5677152-05:00" testType="13cdc9d9-ddb5-4fa4-a97d-d965ccfc6d4b" outcome="Passed" testListId="8c84fa94-04c1-424b-9868-57a2d4851a1d" relativeResultsDirectory="36f7722f-4ff4-4021-8294-535965d83627" />
    <UnitTestResult executionId="8dae197e-d6e6-47ae-8bf6-cde7db66e75f" testId="75c36766-fe91-2a89-b7c0-389d40b66c1b" testName="ComprobantePago.Tests.HU02.CA03_FacturacionManualTests.GuardarManual_AceptaTiposDeComprobanteInterno(tipoDocumento: &quot;CI&quot;, descripcion: &quot;Comprobante interno&quot;)" computerName="BLAZARO" duration="00:00:00.0177163" startTime="2026-04-08T09:40:53.0986651-05:00" endTime="2026-04-08T09:40:53.0986652-05:00" testType="13cdc9d9-ddb5-4fa4-a97d-d965ccfc6d4b" outcome="Passed" testListId="8c84fa94-04c1-424b-9868-57a2d4851a1d" relativeResultsDirectory="8dae197e-d6e6-47ae-8bf6-cde7db66e75f" />
    <UnitTestResult executionId="87ab2107-b3f7-4892-9a93-be81b63558f0" testId="ab2baa25-0505-b216-eba5-85e3b5382be3" testName="ComprobantePago.Tests.HU02.CA02_CamposObligatoriosTests.Validar_MontoNetoNegativo_Falla" computerName="BLAZARO" duration="00:00:00.0010782" startTime="2026-04-08T09:40:52.5359938-05:00" endTime="2026-04-08T09:40:52.5359938-05:00" testType="13cdc9d9-ddb5-4fa4-a97d-d965ccfc6d4b" outcome="Passed" testListId="8c84fa94-04c1-424b-9868-57a2d4851a1d" relativeResultsDirectory="87ab2107-b3f7-4892-9a93-be81b63558f0" />
    <UnitTestResult executionId="c36a4bbd-b4f8-4697-97b9-bac00cbcb85a" testId="b33069ad-708e-c2bf-acbe-ed8dcd66f15c" testName="ComprobantePago.Tests.HU02.CA01_ExtraccionDatosXmlTests.LeerXml_ExtraeSerie" computerName="BLAZARO" duration="00:00:00.0003122" startTime="2026-04-08T09:40:52.5678141-05:00" endTime="2026-04-08T09:40:52.5678141-05:00" testType="13cdc9d9-ddb5-4fa4-a97d-d965ccfc6d4b" outcome="Passed" testListId="8c84fa94-04c1-424b-9868-57a2d4851a1d" relativeResultsDirectory="c36a4bbd-b4f8-4697-97b9-bac00cbcb85a" />
    <UnitTestResult executionId="9e63e313-f4ae-4e7b-b55a-b732d2407d83" testId="92e450d1-c781-907c-eadd-1de7dc13eaef" testName="ComprobantePago.Tests.HU02.CA01_ExtraccionDatosXmlTests.LeerXml_CuandoMonedaUSD_TasaCambioSeLeDelXml" computerName="BLAZARO" duration="00:00:00.0001049" startTime="2026-04-08T09:40:52.5682602-05:00" endTime="2026-04-08T09:40:52.5682603-05:00" testType="13cdc9d9-ddb5-4fa4-a97d-d965ccfc6d4b" outcome="Passed" testListId="8c84fa94-04c1-424b-9868-57a2d4851a1d" relativeResultsDirectory="9e63e313-f4ae-4e7b-b55a-b732d2407d83" />
    <UnitTestResult executionId="3745748e-31eb-4a4e-99e1-b59277215687" testId="42f474f3-df50-e31f-4143-7f04bd29da13" testName="ComprobantePago.Tests.HU02.CA01_ExtraccionDatosXmlTests.LeerXml_ExtraeTipoDocumentoSunat" computerName="BLAZARO" duration="00:00:00.0000897" startTime="2026-04-08T09:40:52.5683429-05:00" endTime="2026-04-08T09:40:52.5683430-05:00" testType="13cdc9d9-ddb5-4fa4-a97d-d965ccfc6d4b" outcome="Passed" testListId="8c84fa94-04c1-424b-9868-57a2d4851a1d" relativeResultsDirectory="3745748e-31eb-4a4e-99e1-b59277215687" />
    <UnitTestResult executionId="ecab0d86-4602-4fef-9d7a-b5cf391950df" testId="c5572030-4687-7e59-e5bb-d18c2488fb90" testName="ComprobantePago.Tests.HU02.CA02_CamposObligatoriosTests.Validar_MontoIGVNegativo_Falla" computerName="BLAZARO" duration="00:00:00.0005736" startTime="2026-04-08T09:40:52.5668197-05:00" endTime="2026-04-08T09:40:52.5668197-05:00" testType="13cdc9d9-ddb5-4fa4-a97d-d965ccfc6d4b" outcome="Passed" testListId="8c84fa94-04c1-424b-9868-57a2d4851a1d" relativeResultsDirectory="ecab0d86-4602-4fef-9d7a-b5cf391950df" />
    <UnitTestResult executionId="6dc26adc-fc7a-4bcd-85fd-b38c1e05c12c" testId="81118a81-6c47-8a0c-7897-46a976c3d2e2" testName="ComprobantePago.Tests.HU02.CA01_ExtraccionDatosXmlTests.LeerXml_ExtraeRucProveedor" computerName="BLAZARO" duration="00:00:00.0001079" startTime="2026-04-08T09:40:52.5678775-05:00" endTime="2026-04-08T09:40:52.5678775-05:00" testType="13cdc9d9-ddb5-4fa4-a97d-d965ccfc6d4b" outcome="Passed" testListId="8c84fa94-04c1-424b-9868-57a2d4851a1d" relativeResultsDirectory="6dc26adc-fc7a-4bcd-85fd-b38c1e05c12c" />
    <UnitTestResult executionId="bd976b44-05d6-4849-a2ba-a2abbc852c81" testId="dc318268-7f21-5a1b-92a8-f0dbfaa5a42f" testName="ComprobantePago.Tests.HU02.CA01_ExtraccionDatosXmlTests.LeerXml_CuandoMonedaPEN_TasaCambioEsUno" computerName="BLAZARO" duration="00:00:00.0001873" startTime="2026-04-08T09:40:52.5678357-05:00" endTime="2026-04-08T09:40:52.5678357-05:00" testType="13cdc9d9-ddb5-4fa4-a97d-d965ccfc6d4b" outcome="Passed" testListId="8c84fa94-04c1-424b-9868-57a2d4851a1d" relativeResultsDirectory="bd976b44-05d6-4849-a2ba-a2abbc852c81" />
    <UnitTestResult executionId="4f01e030-1cda-41b2-bb00-fd79b7c49729" testId="8a021058-1f4f-8b07-3a57-57034d623a78" testName="ComprobantePago.Tests.HU02.CA02_CamposObligatoriosTests.Validar_RucValido_Pasa" computerName="BLAZARO" duration="00:00:00.0004180" startTime="2026-04-08T09:40:52.5668053-05:00" endTime="2026-04-08T09:40:52.5668053-05:00" testType="13cdc9d9-ddb5-4fa4-a97d-d965ccfc6d4b" outcome="Passed" testListId="8c84fa94-04c1-424b-9868-57a2d4851a1d" relativeResultsDirectory="4f01e030-1cda-41b2-bb00-fd79b7c49729" />
    <UnitTestResult executionId="7995d196-8bf6-49df-8489-0d2d739eebcc" testId="d3ac4111-e3bb-bf79-104e-b7a2c13a42a3" testName="ComprobantePago.Tests.HU02.CA03_FacturacionManualTests.GuardarManual_AceptaTiposDeComprobanteInterno(tipoDocumento: &quot;RH&quot;, descripcion: &quot;Recibo por honorarios&quot;)" computerName="BLAZARO" duration="00:00:00.0076238" startTime="2026-04-08T09:40:53.1063216-05:00" endTime="2026-04-08T09:40:53.1063218-05:00" testType="13cdc9d9-ddb5-4fa4-a97d-d965ccfc6d4b" outcome="Passed" testListId="8c84fa94-04c1-424b-9868-57a2d4851a1d" relativeResultsDirectory="7995d196-8bf6-49df-8489-0d2d739eebcc" />
    <UnitTestResult executionId="27ccca36-97c4-4ba1-b78d-e04bcc0940f4" testId="90756bab-67c7-de68-3521-6af11f05b6ba" testName="ComprobantePago.Tests.HU02.CA02_CamposObligatoriosTests.Validar_MonedaVacia_Falla" computerName="BLAZARO" duration="00:00:00.0001838" startTime="2026-04-08T09:40:52.5667651-05:00" endTime="2026-04-08T09:40:52.5667651-05:00" testType="13cdc9d9-ddb5-4fa4-a97d-d965ccfc6d4b" outcome="Passed" testListId="8c84fa94-04c1-424b-9868-57a2d4851a1d" relativeResultsDirectory="27ccca36-97c4-4ba1-b78d-e04bcc0940f4" />
    <UnitTestResult executionId="c7d3c7b7-223d-4a9f-872f-04c818d53f94" testId="af985848-1500-6db7-2620-390311c32f8b" testName="ComprobantePago.Tests.HU02.CA03_FacturacionManualTests.GuardarManual_EstadoInicialEsRegistrado" computerName="BLAZARO" duration="00:00:00.0011296" startTime="2026-04-08T09:40:53.1270500-05:00" endTime="2026-04-08T09:40:53.1270501-05:00" testType="13cdc9d9-ddb5-4fa4-a97d-d965ccfc6d4b" outcome="Passed" testListId="8c84fa94-04c1-424b-9868-57a2d4851a1d" relativeResultsDirectory="c7d3c7b7-223d-4a9f-872f-04c818d53f94" />
    <UnitTestResult executionId="fc69d83b-c761-4a13-92ea-2fcc1f0b0dde" testId="b9f680ec-2b2b-3321-03c1-8fff1d9fd624" testName="ComprobantePago.Tests.HU02.CA03_FacturacionManualTests.GuardarManual_PersisteDatosDeMontos" computerName="BLAZARO" duration="00:00:00.0010000" startTime="2026-04-08T09:40:53.1281296-05:00" endTime="2026-04-08T09:40:53.1281297-05:00" testType="13cdc9d9-ddb5-4fa4-a97d-d965ccfc6d4b" outcome="Passed" testListId="8c84fa94-04c1-424b-9868-57a2d4851a1d" relativeResultsDirectory="fc69d83b-c761-4a13-92ea-2fcc1f0b0dde" />
    <UnitTestResult executionId="fbddd670-cf95-4c98-958e-86d67b4f689b" testId="7c0450e6-7a55-63fa-1f30-e37ae27ac0b4" testName="ComprobantePago.Tests.HU02.CA03_FacturacionManualTests.GuardarManual_AceptaTiposDeComprobanteInterno(tipoDocumento: &quot;VM&quot;, descripcion: &quot;Vale de movilidad&quot;)" computerName="BLAZARO" duration="00:00:00.0004386" startTime="2026-04-08T09:40:53.1068026-05:00" endTime="2026-04-08T09:40:53.1068027-05:00" testType="13cdc9d9-ddb5-4fa4-a97d-d965ccfc6d4b" outcome="Passed" testListId="8c84fa94-04c1-424b-9868-57a2d4851a1d" relativeResultsDirectory="fbddd670-cf95-4c98-958e-86d67b4f689b" />
    <UnitTestResult executionId="6878d4ea-10c5-42a4-a422-f35f33920530" testId="c5ca8015-7745-9ec9-2520-4ef6b2c71003" testName="ComprobantePago.Tests.HU02.CA03_FacturacionManualTests.GuardarManual_SinFolioPrevio_GeneraFolio" computerName="BLAZARO" duration="00:00:00.0007176" startTime="2026-04-08T09:40:53.1163228-05:00" endTime="2026-04-08T09:40:53.1163229-05:00" testType="13cdc9d9-ddb5-4fa4-a97d-d965ccfc6d4b" outcome="Passed" testListId="8c84fa94-04c1-424b-9868-57a2d4851a1d" relativeResultsDirectory="6878d4ea-10c5-42a4-a422-f35f33920530" />
    <UnitTestResult executionId="88776794-a6e3-4e1f-8e31-272ac2f6de68" testId="96f31a33-d142-77ab-b7f5-9e722087bde4" testName="ComprobantePago.Tests.HU02.CA02_CamposObligatoriosTests.Validar_RucConLongitudIncorrecta_Falla(ruc: &quot;202060184111&quot;)" computerName="BLAZARO" duration="00:00:00.0002246" startTime="2026-04-08T09:40:52.5666248-05:00" endTime="2026-04-08T09:40:52.5666249-05:00" testType="13cdc9d9-ddb5-4fa4-a97d-d965ccfc6d4b" outcome="Passed" testListId="8c84fa94-04c1-424b-9868-57a2d4851a1d" relativeResultsDirectory="88776794-a6e3-4e1f-8e31-272ac2f6de68" />
    <UnitTestResult executionId="a7e2fcde-6f34-4f7a-8fdb-bf6e62fbd8c9" testId="56d20427-2768-b51a-1c3e-e722d378b12c" testName="ComprobantePago.Tests.HU02.CA01_ExtraccionDatosXmlTests.LeerXml_XmlVacio_RetornaDtoSinExcepcion" computerName="BLAZARO" duration="00:00:00.0000930" startTime="2026-04-08T09:40:52.5678568-05:00" endTime="2026-04-08T09:40:52.5678569-05:00" testType="13cdc9d9-ddb5-4fa4-a97d-d965ccfc6d4b" outcome="Passed" testListId="8c84fa94-04c1-424b-9868-57a2d4851a1d" relativeResultsDirectory="a7e2fcde-6f34-4f7a-8fdb-bf6e62fbd8c9" />
    <UnitTestResult executionId="2486506c-610f-4909-a8b5-d2c4eeb06c33" testId="e3f42080-a129-a93d-616e-3882640cb928" testName="ComprobantePago.Tests.HU02.CA02_CamposObligatoriosTests.Validar_SerieVacia_Falla" computerName="BLAZARO" duration="00:00:00.0895035" startTime="2026-04-08T09:40:52.5356188-05:00" endTime="2026-04-08T09:40:52.5356189-05:00" testType="13cdc9d9-ddb5-4fa4-a97d-d965ccfc6d4b" outcome="Passed" testListId="8c84fa94-04c1-424b-9868-57a2d4851a1d" relativeResultsDirectory="2486506c-610f-4909-a8b5-d2c4eeb06c33" />
    <UnitTestResult executionId="77f8117f-9bf5-4e93-8a1a-352ebb4cd919" testId="d5b3692c-0732-7e3d-70d4-cc417b20fa74" testName="ComprobantePago.Tests.HU02.CA02_CamposObligatoriosTests.Validar_RazonSocialVacia_Falla" computerName="BLAZARO" duration="00:00:00.0002563" startTime="2026-04-08T09:40:52.5677445-05:00" endTime="2026-04-08T09:40:52.5677446-05:00" testType="13cdc9d9-ddb5-4fa4-a97d-d965ccfc6d4b" outcome="Passed" testListId="8c84fa94-04c1-424b-9868-57a2d4851a1d" relativeResultsDirectory="77f8117f-9bf5-4e93-8a1a-352ebb4cd919" />
    <UnitTestResult executionId="b8e2d70c-869c-4459-bb3e-ab36521ca756" testId="81292063-db4b-a393-0745-43e48e5ba6ee" testName="ComprobantePago.Tests.HU02.CA01_ExtraccionDatosXmlTests.LeerXml_ExtraeMontoNeto" computerName="BLAZARO" duration="00:00:00.0001234" startTime="2026-04-08T09:40:52.5683223-05:00" endTime="2026-04-08T09:40:52.5683224-05:00" testType="13cdc9d9-ddb5-4fa4-a97d-d965ccfc6d4b" outcome="Passed" testListId="8c84fa94-04c1-424b-9868-57a2d4851a1d" relativeResultsDirectory="b8e2d70c-869c-4459-bb3e-ab36521ca756" />
    <UnitTestResult executionId="d252b60b-a686-45c6-9479-148d0b13cfb5" testId="08834555-204b-4de3-5218-890cced9d139" testName="ComprobantePago.Tests.HU02.CA03_FacturacionManualTests.GuardarManual_RegistraUsuarioYFechaDigitacion" computerName="BLAZARO" duration="00:00:00.0095324" startTime="2026-04-08T09:40:53.1259056-05:00" endTime="2026-04-08T09:40:53.1259057-05:00" testType="13cdc9d9-ddb5-4fa4-a97d-d965ccfc6d4b" outcome="Passed" testListId="8c84fa94-04c1-424b-9868-57a2d4851a1d" relativeResultsDirectory="d252b60b-a686-45c6-9479-148d0b13cfb5" />
    <UnitTestResult executionId="593f2d32-0da1-484d-a268-48b7c3b77c46" testId="d81c7915-a9af-3938-1509-059d0c1ba741" testName="ComprobantePago.Tests.HU02.CA03_FacturacionManualTests.GuardarManual_FolioTieneLongitudCorrecta" computerName="BLAZARO" duration="00:00:00.0006258" startTime="2026-04-08T09:40:53.1287898-05:00" endTime="2026-04-08T09:40:53.1287899-05:00" testType="13cdc9d9-ddb5-4fa4-a97d-d965ccfc6d4b" outcome="Passed" testListId="8c84fa94-04c1-424b-9868-57a2d4851a1d" relativeResultsDirectory="593f2d32-0da1-484d-a268-48b7c3b77c46" />
    <UnitTestResult executionId="5f3ae3f4-405a-424d-94df-9e6b79c6ae23" testId="84d8b24e-2b72-44c3-1a77-3bf234c33c1f" testName="ComprobantePago.Tests.HU02.CA02_CamposObligatoriosTests.Validar_DtoCompletoYValido_Pasa" computerName="BLAZARO" duration="00:00:00.0007203" startTime="2026-04-08T09:40:52.5668336-05:00" endTime="2026-04-08T09:40:52.5668337-05:00" testType="13cdc9d9-ddb5-4fa4-a97d-d965ccfc6d4b" outcome="Passed" testListId="8c84fa94-04c1-424b-9868-57a2d4851a1d" relativeResultsDirectory="5f3ae3f4-405a-424d-94df-9e6b79c6ae23" />
    <UnitTestResult executionId="fe4187f4-a243-4f34-98a0-8d5bbd9270a8" testId="5ae69a36-b9a0-ad41-0d3d-c1229c0782fe" testName="ComprobantePago.Tests.HU02.CA02_CamposObligatoriosTests.Validar_TipoDocumentoVacio_Falla" computerName="BLAZARO" duration="00:00:00.0001660" startTime="2026-04-08T09:40:52.5667858-05:00" endTime="2026-04-08T09:40:52.5667858-05:00" testType="13cdc9d9-ddb5-4fa4-a97d-d965ccfc6d4b" outcome="Passed" testListId="8c84fa94-04c1-424b-9868-57a2d4851a1d" relativeResultsDirectory="fe4187f4-a243-4f34-98a0-8d5bbd9270a8" />
    <UnitTestResult executionId="a6791a28-e0cd-44b7-aeb8-a4aaffc71f86" testId="1dc46ec3-d79d-b53f-6757-36f8eccd3b58" testName="ComprobantePago.Tests.HU02.CA02_CamposObligatoriosTests.Validar_FechaEmisionVacia_Falla" computerName="BLAZARO" duration="00:00:00.0002151" startTime="2026-04-08T09:40:52.5374929-05:00" endTime="2026-04-08T09:40:52.5374931-05:00" testType="13cdc9d9-ddb5-4fa4-a97d-d965ccfc6d4b" outcome="Passed" testListId="8c84fa94-04c1-424b-9868-57a2d4851a1d" relativeResultsDirectory="a6791a28-e0cd-44b7-aeb8-a4aaffc71f86" />
    <UnitTestResult executionId="21ae2ebf-d9c7-4c00-b328-c92520d21df2" testId="74bf3783-6fc1-c90e-88a3-c7b0ac319d91" testName="ComprobantePago.Tests.HU02.CA02_CamposObligatoriosTests.Validar_RucConLongitudIncorrecta_Falla(ruc: &quot;2020601841&quot;)" computerName="BLAZARO" duration="00:00:00.0002664" startTime="2026-04-08T09:40:52.5667313-05:00" endTime="2026-04-08T09:40:52.5667313-05:00" testType="13cdc9d9-ddb5-4fa4-a97d-d965ccfc6d4b" outcome="Passed" testListId="8c84fa94-04c1-424b-9868-57a2d4851a1d" relativeResultsDirectory="21ae2ebf-d9c7-4c00-b328-c92520d21df2" />
    <UnitTestResult executionId="998a9e42-ba88-47be-81b4-8453255c4f5e" testId="899b0d3a-379c-414a-b120-5641e0057ced" testName="ComprobantePago.Tests.HU02.CA02_CamposObligatoriosTests.Validar_RucConLetras_Falla" computerName="BLAZARO" duration="00:00:00.0002304" startTime="2026-04-08T09:40:52.5667496-05:00" endTime="2026-04-08T09:40:52.5667496-05:00" testType="13cdc9d9-ddb5-4fa4-a97d-d965ccfc6d4b" outcome="Passed" testListId="8c84fa94-04c1-424b-9868-57a2d4851a1d" relativeResultsDirectory="998a9e42-ba88-47be-81b4-8453255c4f5e" />
  </Results>
  <TestDefinitions>
    <UnitTest name="ComprobantePago.Tests.HU02.CA02_CamposObligatoriosTests.Validar_RucConLetras_Falla" storage="c:\blazaro\aplicacioncomprobantepago\comprobantepago\comprobantepago.tests\bin\debug\net8.0\comprobantepago.tests.dll" id="899b0d3a-379c-414a-b120-5641e0057ced">
      <Execution id="998a9e42-ba88-47be-81b4-8453255c4f5e" />
      <TestMethod codeBase="C:\blazaro\AplicacionComprobantePago\ComprobantePago\ComprobantePago.Tests\bin\Debug\net8.0\ComprobantePago.Tests.dll" adapterTypeName="executor://xunit/VsTestRunner2/netcoreapp" className="ComprobantePago.Tests.HU02.CA02_CamposObligatoriosTests" name="Validar_RucConLetras_Falla" />
    </UnitTest>
    <UnitTest name="ComprobantePago.Tests.HU02.CA02_CamposObligatoriosTests.Validar_NumeroVacio_Falla" storage="c:\blazaro\aplicacioncomprobantepago\comprobantepago\comprobantepago.tests\bin\debug\net8.0\comprobantepago.tests.dll" id="08f5d51d-59e4-b8de-caaf-6cccf9d25dcf">
      <Execution id="8357aff3-fcbb-4cfb-b681-c672a8f9cbb9" />
      <TestMethod codeBase="C:\blazaro\AplicacionComprobantePago\ComprobantePago\ComprobantePago.Tests\bin\Debug\net8.0\ComprobantePago.Tests.dll" adapterTypeName="executor://xunit/VsTestRunner2/netcoreapp" className="ComprobantePago.Tests.HU02.CA02_CamposObligatoriosTests" name="Validar_NumeroVacio_Falla" />
    </UnitTest>
    <UnitTest name="ComprobantePago.Tests.HU02.CA02_CamposObligatoriosTests.Validar_RucVacio_FallaConMensaje" storage="c:\blazaro\aplicacioncomprobantepago\comprobantepago\comprobantepago.tests\bin\debug\net8.0\comprobantepago.tests.dll" id="d3863f3c-d514-28e6-a43f-d65390cdcf8b">
      <Execution id="97d07019-2ec9-466c-9d6e-4d85995a1a59" />
      <TestMethod codeBase="C:\blazaro\AplicacionComprobantePago\ComprobantePago\ComprobantePago.Tests\bin\Debug\net8.0\ComprobantePago.Tests.dll" adapterTypeName="executor://xunit/VsTestRunner2/netcoreapp" className="ComprobantePago.Tests.HU02.CA02_CamposObligatoriosTests" name="Validar_RucVacio_FallaConMensaje" />
    </UnitTest>
    <UnitTest name="ComprobantePago.Tests.HU02.CA02_CamposObligatoriosTests.Validar_TipoSunatVacio_Falla" storage="c:\blazaro\aplicacioncomprobantepago\comprobantepago\comprobantepago.tests\bin\debug\net8.0\comprobantepago.tests.dll" id="f61600fd-1597-dfdf-17b7-8fcc0313cb51">
      <Execution id="9c398189-fbd7-4d79-a281-0d5aa10c4470" />
      <TestMethod codeBase="C:\blazaro\AplicacionComprobantePago\ComprobantePago\ComprobantePago.Tests\bin\Debug\net8.0\ComprobantePago.Tests.dll" adapterTypeName="executor://xunit/VsTestRunner2/netcoreapp" className="ComprobantePago.Tests.HU02.CA02_CamposObligatoriosTests" name="Validar_TipoSunatVacio_Falla" />
    </UnitTest>
    <UnitTest name="ComprobantePago.Tests.HU02.CA01_ExtraccionDatosXmlTests.LeerXml_XmlVacio_RetornaDtoSinExcepcion" storage="c:\blazaro\aplicacioncomprobantepago\comprobantepago\comprobantepago.tests\bin\debug\net8.0\comprobantepago.tests.dll" id="56d20427-2768-b51a-1c3e-e722d378b12c">
      <Execution id="a7e2fcde-6f34-4f7a-8fdb-bf6e62fbd8c9" />
      <TestMethod codeBase="C:\blazaro\AplicacionComprobantePago\ComprobantePago\ComprobantePago.Tests\bin\Debug\net8.0\ComprobantePago.Tests.dll" adapterTypeName="executor://xunit/VsTestRunner2/netcoreapp" className="ComprobantePago.Tests.HU02.CA01_ExtraccionDatosXmlTests" name="LeerXml_XmlVacio_RetornaDtoSinExcepcion" />
    </UnitTest>
    <UnitTest name="ComprobantePago.Tests.HU02.CA03_FacturacionManualTests.GuardarManual_ConFolioExistente_ActualizaSinCrearDuplicado" storage="c:\blazaro\aplicacioncomprobantepago\comprobantepago\comprobantepago.tests\bin\debug\net8.0\comprobantepago.tests.dll" id="4a93f0aa-d9f2-1cd1-583f-133f0035fb6e">
      <Execution id="bc95e1d4-36a1-4b81-a16f-dc03f48af508" />
      <TestMethod codeBase="C:\blazaro\AplicacionComprobantePago\ComprobantePago\ComprobantePago.Tests\bin\Debug\net8.0\ComprobantePago.Tests.dll" adapterTypeName="executor://xunit/VsTestRunner2/netcoreapp" className="ComprobantePago.Tests.HU02.CA03_FacturacionManualTests" name="GuardarManual_ConFolioExistente_ActualizaSinCrearDuplicado" />
    </UnitTest>
    <UnitTest name="ComprobantePago.Tests.HU02.CA03_FacturacionManualTests.GuardarManual_AceptaTiposDeComprobanteInterno(tipoDocumento: &quot;RP&quot;, descripcion: &quot;Recibo de agua/luz/teléfono&quot;)" storage="c:\blazaro\aplicacioncomprobantepago\comprobantepago\comprobantepago.tests\bin\debug\net8.0\comprobantepago.tests.dll" id="d886b68b-6257-cdc9-417a-b1c8b3b57218">
      <Execution id="336326dd-bf75-48f4-b39c-cbc1613171bd" />
      <TestMethod codeBase="C:\blazaro\AplicacionComprobantePago\ComprobantePago\ComprobantePago.Tests\bin\Debug\net8.0\ComprobantePago.Tests.dll" adapterTypeName="executor://xunit/VsTestRunner2/netcoreapp" className="ComprobantePago.Tests.HU02.CA03_FacturacionManualTests" name="GuardarManual_AceptaTiposDeComprobanteInterno" />
    </UnitTest>
    <UnitTest name="ComprobantePago.Tests.HU02.CA02_CamposObligatoriosTests.Validar_MontoIGVNegativo_Falla" storage="c:\blazaro\aplicacioncomprobantepago\comprobantepago\comprobantepago.tests\bin\debug\net8.0\comprobantepago.tests.dll" id="c5572030-4687-7e59-e5bb-d18c2488fb90">
      <Execution id="ecab0d86-4602-4fef-9d7a-b5cf391950df" />
      <TestMethod codeBase="C:\blazaro\AplicacionComprobantePago\ComprobantePago\ComprobantePago.Tests\bin\Debug\net8.0\ComprobantePago.Tests.dll" adapterTypeName="executor://xunit/VsTestRunner2/netcoreapp" className="ComprobantePago.Tests.HU02.CA02_CamposObligatoriosTests" name="Validar_MontoIGVNegativo_Falla" />
    </UnitTest>
    <UnitTest name="ComprobantePago.Tests.HU02.CA01_ExtraccionDatosXmlTests.LeerXml_ExtraeNumero" storage="c:\blazaro\aplicacioncomprobantepago\comprobantepago\comprobantepago.tests\bin\debug\net8.0\comprobantepago.tests.dll" id="3787595c-430b-6949-81f1-e91abd9d54be">
      <Execution id="d67258c6-fd2d-4e02-b0b5-a7f974ab4ea5" />
      <TestMethod codeBase="C:\blazaro\AplicacionComprobantePago\ComprobantePago\ComprobantePago.Tests\bin\Debug\net8.0\ComprobantePago.Tests.dll" adapterTypeName="executor://xunit/VsTestRunner2/netcoreapp" className="ComprobantePago.Tests.HU02.CA01_ExtraccionDatosXmlTests" name="LeerXml_ExtraeNumero" />
    </UnitTest>
    <UnitTest name="ComprobantePago.Tests.HU02.CA02_CamposObligatoriosTests.Validar_TipoDocumentoVacio_Falla" storage="c:\blazaro\aplicacioncomprobantepago\comprobantepago\comprobantepago.tests\bin\debug\net8.0\comprobantepago.tests.dll" id="5ae69a36-b9a0-ad41-0d3d-c1229c0782fe">
      <Execution id="fe4187f4-a243-4f34-98a0-8d5bbd9270a8" />
      <TestMethod codeBase="C:\blazaro\AplicacionComprobantePago\ComprobantePago\ComprobantePago.Tests\bin\Debug\net8.0\ComprobantePago.Tests.dll" adapterTypeName="executor://xunit/VsTestRunner2/netcoreapp" className="ComprobantePago.Tests.HU02.CA02_CamposObligatoriosTests" name="Validar_TipoDocumentoVacio_Falla" />
    </UnitTest>
    <UnitTest name="ComprobantePago.Tests.HU02.CA03_FacturacionManualTests.GuardarManual_FolioTieneLongitudCorrecta" storage="c:\blazaro\aplicacioncomprobantepago\comprobantepago\comprobantepago.tests\bin\debug\net8.0\comprobantepago.tests.dll" id="d81c7915-a9af-3938-1509-059d0c1ba741">
      <Execution id="593f2d32-0da1-484d-a268-48b7c3b77c46" />
      <TestMethod codeBase="C:\blazaro\AplicacionComprobantePago\ComprobantePago\ComprobantePago.Tests\bin\Debug\net8.0\ComprobantePago.Tests.dll" adapterTypeName="executor://xunit/VsTestRunner2/netcoreapp" className="ComprobantePago.Tests.HU02.CA03_FacturacionManualTests" name="GuardarManual_FolioTieneLongitudCorrecta" />
    </UnitTest>
    <UnitTest name="ComprobantePago.Tests.HU02.CA01_ExtraccionDatosXmlTests.LeerXml_ExtraeMontoTotal" storage="c:\blazaro\aplicacioncomprobantepago\comprobantepago\comprobantepago.tests\bin\debug\net8.0\comprobantepago.tests.dll" id="50d8bef0-11ca-a75b-4d32-cf189e93a7e3">
      <Execution id="b655ae73-6d5d-402d-8cb2-d71a13c3137a" />
      <TestMethod codeBase="C:\blazaro\AplicacionComprobantePago\ComprobantePago\ComprobantePago.Tests\bin\Debug\net8.0\ComprobantePago.Tests.dll" adapterTypeName="executor://xunit/VsTestRunner2/netcoreapp" className="ComprobantePago.Tests.HU02.CA01_ExtraccionDatosXmlTests" name="LeerXml_ExtraeMontoTotal" />
    </UnitTest>
    <UnitTest name="ComprobantePago.Tests.HU02.CA01_ExtraccionDatosXmlTests.LeerXml_ExtraeRucProveedor" storage="c:\blazaro\aplicacioncomprobantepago\comprobantepago\comprobantepago.tests\bin\debug\net8.0\comprobantepago.tests.dll" id="81118a81-6c47-8a0c-7897-46a976c3d2e2">
      <Execution id="6dc26adc-fc7a-4bcd-85fd-b38c1e05c12c" />
      <TestMethod codeBase="C:\blazaro\AplicacionComprobantePago\ComprobantePago\ComprobantePago.Tests\bin\Debug\net8.0\ComprobantePago.Tests.dll" adapterTypeName="executor://xunit/VsTestRunner2/netcoreapp" className="ComprobantePago.Tests.HU02.CA01_ExtraccionDatosXmlTests" name="LeerXml_ExtraeRucProveedor" />
    </UnitTest>
    <UnitTest name="ComprobantePago.Tests.HU02.CA01_ExtraccionDatosXmlTests.LeerXml_CuandoMonedaPEN_TasaCambioEsUno" storage="c:\blazaro\aplicacioncomprobantepago\comprobantepago\comprobantepago.tests\bin\debug\net8.0\comprobantepago.tests.dll" id="dc318268-7f21-5a1b-92a8-f0dbfaa5a42f">
      <Execution id="bd976b44-05d6-4849-a2ba-a2abbc852c81" />
      <TestMethod codeBase="C:\blazaro\AplicacionComprobantePago\ComprobantePago\ComprobantePago.Tests\bin\Debug\net8.0\ComprobantePago.Tests.dll" adapterTypeName="executor://xunit/VsTestRunner2/netcoreapp" className="ComprobantePago.Tests.HU02.CA01_ExtraccionDatosXmlTests" name="LeerXml_CuandoMonedaPEN_TasaCambioEsUno" />
    </UnitTest>
    <UnitTest name="ComprobantePago.Tests.HU02.CA02_CamposObligatoriosTests.Validar_MontoTotalCero_Falla" storage="c:\blazaro\aplicacioncomprobantepago\comprobantepago\comprobantepago.tests\bin\debug\net8.0\comprobantepago.tests.dll" id="fe273b18-f5ca-ae54-2030-79c7db073f10">
      <Execution id="ee57673d-c0e6-4285-976d-a60a08abe942" />
      <TestMethod codeBase="C:\blazaro\AplicacionComprobantePago\ComprobantePago\ComprobantePago.Tests\bin\Debug\net8.0\ComprobantePago.Tests.dll" adapterTypeName="executor://xunit/VsTestRunner2/netcoreapp" className="ComprobantePago.Tests.HU02.CA02_CamposObligatoriosTests" name="Validar_MontoTotalCero_Falla" />
    </UnitTest>
    <UnitTest name="ComprobantePago.Tests.HU02.CA03_FacturacionManualTests.GuardarManual_AceptaTiposDeComprobanteInterno(tipoDocumento: &quot;RH&quot;, descripcion: &quot;Recibo por honorarios&quot;)" storage="c:\blazaro\aplicacioncomprobantepago\comprobantepago\comprobantepago.tests\bin\debug\net8.0\comprobantepago.tests.dll" id="d3ac4111-e3bb-bf79-104e-b7a2c13a42a3">
      <Execution id="7995d196-8bf6-49df-8489-0d2d739eebcc" />
      <TestMethod codeBase="C:\blazaro\AplicacionComprobantePago\ComprobantePago\ComprobantePago.Tests\bin\Debug\net8.0\ComprobantePago.Tests.dll" adapterTypeName="executor://xunit/VsTestRunner2/netcoreapp" className="ComprobantePago.Tests.HU02.CA03_FacturacionManualTests" name="GuardarManual_AceptaTiposDeComprobanteInterno" />
    </UnitTest>
    <UnitTest name="ComprobantePago.Tests.HU02.CA01_ExtraccionDatosXmlTests.LeerXml_CuandoNoTieneDetraccion_FlagEsFalso" storage="c:\blazaro\aplicacioncomprobantepago\comprobantepago\comprobantepago.tests\bin\debug\net8.0\comprobantepago.tests.dll" id="dfd7a954-6540-e13c-e200-cf790e92a9d2">
      <Execution id="7c06eabe-d3cd-4df8-aea9-afc352661914" />
      <TestMethod codeBase="C:\blazaro\AplicacionComprobantePago\ComprobantePago\ComprobantePago.Tests\bin\Debug\net8.0\ComprobantePago.Tests.dll" adapterTypeName="executor://xunit/VsTestRunner2/netcoreapp" className="ComprobantePago.Tests.HU02.CA01_ExtraccionDatosXmlTests" name="LeerXml_CuandoNoTieneDetraccion_FlagEsFalso" />
    </UnitTest>
    <UnitTest name="ComprobantePago.Tests.HU02.CA01_ExtraccionDatosXmlTests.LeerXml_ExtraeFechaEnFormatoDdMmYyyy" storage="c:\blazaro\aplicacioncomprobantepago\comprobantepago\comprobantepago.tests\bin\debug\net8.0\comprobantepago.tests.dll" id="867e44db-675a-c8c6-bb13-8d1bbd2e2d2e">
      <Execution id="77aea871-a904-4e1d-a3fb-9f0a27620b97" />
      <TestMethod codeBase="C:\blazaro\AplicacionComprobantePago\ComprobantePago\ComprobantePago.Tests\bin\Debug\net8.0\ComprobantePago.Tests.dll" adapterTypeName="executor://xunit/VsTestRunner2/netcoreapp" className="ComprobantePago.Tests.HU02.CA01_ExtraccionDatosXmlTests" name="LeerXml_ExtraeFechaEnFormatoDdMmYyyy" />
    </UnitTest>
    <UnitTest name="ComprobantePago.Tests.HU02.CA02_CamposObligatoriosTests.Validar_DtoCompletoYValido_Pasa" storage="c:\blazaro\aplicacioncomprobantepago\comprobantepago\comprobantepago.tests\bin\debug\net8.0\comprobantepago.tests.dll" id="84d8b24e-2b72-44c3-1a77-3bf234c33c1f">
      <Execution id="5f3ae3f4-405a-424d-94df-9e6b79c6ae23" />
      <TestMethod codeBase="C:\blazaro\AplicacionComprobantePago\ComprobantePago\ComprobantePago.Tests\bin\Debug\net8.0\ComprobantePago.Tests.dll" adapterTypeName="executor://xunit/VsTestRunner2/netcoreapp" className="ComprobantePago.Tests.HU02.CA02_CamposObligatoriosTests" name="Validar_DtoCompletoYValido_Pasa" />
    </UnitTest>
    <UnitTest name="ComprobantePago.Tests.HU02.CA02_CamposObligatoriosTests.Validar_MonedaVacia_Falla" storage="c:\blazaro\aplicacioncomprobantepago\comprobantepago\comprobantepago.tests\bin\debug\net8.0\comprobantepago.tests.dll" id="90756bab-67c7-de68-3521-6af11f05b6ba">
      <Execution id="27ccca36-97c4-4ba1-b78d-e04bcc0940f4" />
      <TestMethod codeBase="C:\blazaro\AplicacionComprobantePago\ComprobantePago\ComprobantePago.Tests\bin\Debug\net8.0\ComprobantePago.Tests.dll" adapterTypeName="executor://xunit/VsTestRunner2/netcoreapp" className="ComprobantePago.Tests.HU02.CA02_CamposObligatoriosTests" name="Validar_MonedaVacia_Falla" />
    </UnitTest>
    <UnitTest name="ComprobantePago.Tests.HU02.CA01_ExtraccionDatosXmlTests.LeerXml_CuandoTieneDetraccion_DetectaFlag" storage="c:\blazaro\aplicacioncomprobantepago\comprobantepago\comprobantepago.tests\bin\debug\net8.0\comprobantepago.tests.dll" id="7db68d7a-2162-1a17-64c9-6a1f6ad9de1d">
      <Execution id="0fc6a9b0-382a-48a3-89a4-f1dbead927cd" />
      <TestMethod codeBase="C:\blazaro\AplicacionComprobantePago\ComprobantePago\ComprobantePago.Tests\bin\Debug\net8.0\ComprobantePago.Tests.dll" adapterTypeName="executor://xunit/VsTestRunner2/netcoreapp" className="ComprobantePago.Tests.HU02.CA01_ExtraccionDatosXmlTests" name="LeerXml_CuandoTieneDetraccion_DetectaFlag" />
    </UnitTest>
    <UnitTest name="ComprobantePago.Tests.HU02.CA03_FacturacionManualTests.GuardarManual_AceptaTiposDeComprobanteInterno(tipoDocumento: &quot;CI&quot;, descripcion: &quot;Comprobante interno&quot;)" storage="c:\blazaro\aplicacioncomprobantepago\comprobantepago\comprobantepago.tests\bin\debug\net8.0\comprobantepago.tests.dll" id="75c36766-fe91-2a89-b7c0-389d40b66c1b">
      <Execution id="8dae197e-d6e6-47ae-8bf6-cde7db66e75f" />
      <TestMethod codeBase="C:\blazaro\AplicacionComprobantePago\ComprobantePago\ComprobantePago.Tests\bin\Debug\net8.0\ComprobantePago.Tests.dll" adapterTypeName="executor://xunit/VsTestRunner2/netcoreapp" className="ComprobantePago.Tests.HU02.CA03_FacturacionManualTests" name="GuardarManual_AceptaTiposDeComprobanteInterno" />
    </UnitTest>
    <UnitTest name="ComprobantePago.Tests.HU02.CA01_ExtraccionDatosXmlTests.LeerXml_ExtraeMontoNeto" storage="c:\blazaro\aplicacioncomprobantepago\comprobantepago\comprobantepago.tests\bin\debug\net8.0\comprobantepago.tests.dll" id="81292063-db4b-a393-0745-43e48e5ba6ee">
      <Execution id="b8e2d70c-869c-4459-bb3e-ab36521ca756" />
      <TestMethod codeBase="C:\blazaro\AplicacionComprobantePago\ComprobantePago\ComprobantePago.Tests\bin\Debug\net8.0\ComprobantePago.Tests.dll" adapterTypeName="executor://xunit/VsTestRunner2/netcoreapp" className="ComprobantePago.Tests.HU02.CA01_ExtraccionDatosXmlTests" name="LeerXml_ExtraeMontoNeto" />
    </UnitTest>
    <UnitTest name="ComprobantePago.Tests.HU02.CA03_FacturacionManualTests.GuardarManual_EstadoInicialEsRegistrado" storage="c:\blazaro\aplicacioncomprobantepago\comprobantepago\comprobantepago.tests\bin\debug\net8.0\comprobantepago.tests.dll" id="af985848-1500-6db7-2620-390311c32f8b">
      <Execution id="c7d3c7b7-223d-4a9f-872f-04c818d53f94" />
      <TestMethod codeBase="C:\blazaro\AplicacionComprobantePago\ComprobantePago\ComprobantePago.Tests\bin\Debug\net8.0\ComprobantePago.Tests.dll" adapterTypeName="executor://xunit/VsTestRunner2/netcoreapp" className="ComprobantePago.Tests.HU02.CA03_FacturacionManualTests" name="GuardarManual_EstadoInicialEsRegistrado" />
    </UnitTest>
    <UnitTest name="ComprobantePago.Tests.HU02.CA02_CamposObligatoriosTests.Validar_RucConLongitudIncorrecta_Falla(ruc: &quot;202060184111&quot;)" storage="c:\blazaro\aplicacioncomprobantepago\comprobantepago\comprobantepago.tests\bin\debug\net8.0\comprobantepago.tests.dll" id="96f31a33-d142-77ab-b7f5-9e722087bde4">
      <Execution id="88776794-a6e3-4e1f-8e31-272ac2f6de68" />
      <TestMethod codeBase="C:\blazaro\AplicacionComprobantePago\ComprobantePago\ComprobantePago.Tests\bin\Debug\net8.0\ComprobantePago.Tests.dll" adapterTypeName="executor://xunit/VsTestRunner2/netcoreapp" className="ComprobantePago.Tests.HU02.CA02_CamposObligatoriosTests" name="Validar_RucConLongitudIncorrecta_Falla" />
    </UnitTest>
    <UnitTest name="ComprobantePago.Tests.HU02.CA02_CamposObligatoriosTests.Validar_MontoNetoNegativo_Falla" storage="c:\blazaro\aplicacioncomprobantepago\comprobantepago\comprobantepago.tests\bin\debug\net8.0\comprobantepago.tests.dll" id="ab2baa25-0505-b216-eba5-85e3b5382be3">
      <Execution id="87ab2107-b3f7-4892-9a93-be81b63558f0" />
      <TestMethod codeBase="C:\blazaro\AplicacionComprobantePago\ComprobantePago\ComprobantePago.Tests\bin\Debug\net8.0\ComprobantePago.Tests.dll" adapterTypeName="executor://xunit/VsTestRunner2/netcoreapp" className="ComprobantePago.Tests.HU02.CA02_CamposObligatoriosTests" name="Validar_MontoNetoNegativo_Falla" />
    </UnitTest>
    <UnitTest name="ComprobantePago.Tests.HU02.CA02_CamposObligatoriosTests.Validar_SerieVacia_Falla" storage="c:\blazaro\aplicacioncomprobantepago\comprobantepago\comprobantepago.tests\bin\debug\net8.0\comprobantepago.tests.dll" id="e3f42080-a129-a93d-616e-3882640cb928">
      <Execution id="2486506c-610f-4909-a8b5-d2c4eeb06c33" />
      <TestMethod codeBase="C:\blazaro\AplicacionComprobantePago\ComprobantePago\ComprobantePago.Tests\bin\Debug\net8.0\ComprobantePago.Tests.dll" adapterTypeName="executor://xunit/VsTestRunner2/netcoreapp" className="ComprobantePago.Tests.HU02.CA02_CamposObligatoriosTests" name="Validar_SerieVacia_Falla" />
    </UnitTest>
    <UnitTest name="ComprobantePago.Tests.HU02.CA02_CamposObligatoriosTests.Validar_RazonSocialSuperaMaximo_Falla" storage="c:\blazaro\aplicacioncomprobantepago\comprobantepago\comprobantepago.tests\bin\debug\net8.0\comprobantepago.tests.dll" id="ed146f86-c1f8-3b75-5876-5e3af4152194">
      <Execution id="f5daec06-eb9a-45c8-b588-1636cb32b802" />
      <TestMethod codeBase="C:\blazaro\AplicacionComprobantePago\ComprobantePago\ComprobantePago.Tests\bin\Debug\net8.0\ComprobantePago.Tests.dll" adapterTypeName="executor://xunit/VsTestRunner2/netcoreapp" className="ComprobantePago.Tests.HU02.CA02_CamposObligatoriosTests" name="Validar_RazonSocialSuperaMaximo_Falla" />
    </UnitTest>
    <UnitTest name="ComprobantePago.Tests.HU02.CA01_ExtraccionDatosXmlTests.LeerXml_ExtraeTipoDocumentoSunat" storage="c:\blazaro\aplicacioncomprobantepago\comprobantepago\comprobantepago.tests\bin\debug\net8.0\comprobantepago.tests.dll" id="42f474f3-df50-e31f-4143-7f04bd29da13">
      <Execution id="3745748e-31eb-4a4e-99e1-b59277215687" />
      <TestMethod codeBase="C:\blazaro\AplicacionComprobantePago\ComprobantePago\ComprobantePago.Tests\bin\Debug\net8.0\ComprobantePago.Tests.dll" adapterTypeName="executor://xunit/VsTestRunner2/netcoreapp" className="ComprobantePago.Tests.HU02.CA01_ExtraccionDatosXmlTests" name="LeerXml_ExtraeTipoDocumentoSunat" />
    </UnitTest>
    <UnitTest name="ComprobantePago.Tests.HU02.CA02_CamposObligatoriosTests.Validar_RucValido_Pasa" storage="c:\blazaro\aplicacioncomprobantepago\comprobantepago\comprobantepago.tests\bin\debug\net8.0\comprobantepago.tests.dll" id="8a021058-1f4f-8b07-3a57-57034d623a78">
      <Execution id="4f01e030-1cda-41b2-bb00-fd79b7c49729" />
      <TestMethod codeBase="C:\blazaro\AplicacionComprobantePago\ComprobantePago\ComprobantePago.Tests\bin\Debug\net8.0\ComprobantePago.Tests.dll" adapterTypeName="executor://xunit/VsTestRunner2/netcoreapp" className="ComprobantePago.Tests.HU02.CA02_CamposObligatoriosTests" name="Validar_RucValido_Pasa" />
    </UnitTest>
    <UnitTest name="ComprobantePago.Tests.HU02.CA03_FacturacionManualTests.GuardarManual_AceptaTiposDeComprobanteInterno(tipoDocumento: &quot;VM&quot;, descripcion: &quot;Vale de movilidad&quot;)" storage="c:\blazaro\aplicacioncomprobantepago\comprobantepago\comprobantepago.tests\bin\debug\net8.0\comprobantepago.tests.dll" id="7c0450e6-7a55-63fa-1f30-e37ae27ac0b4">
      <Execution id="fbddd670-cf95-4c98-958e-86d67b4f689b" />
      <TestMethod codeBase="C:\blazaro\AplicacionComprobantePago\ComprobantePago\ComprobantePago.Tests\bin\Debug\net8.0\ComprobantePago.Tests.dll" adapterTypeName="executor://xunit/VsTestRunner2/netcoreapp" className="ComprobantePago.Tests.HU02.CA03_FacturacionManualTests" name="GuardarManual_AceptaTiposDeComprobanteInterno" />
    </UnitTest>
    <UnitTest name="ComprobantePago.Tests.HU02.CA02_CamposObligatoriosTests.Validar_RucConLongitudIncorrecta_Falla(ruc: &quot;2020601841&quot;)" storage="c:\blazaro\aplicacioncomprobantepago\comprobantepago\comprobantepago.tests\bin\debug\net8.0\comprobantepago.tests.dll" id="74bf3783-6fc1-c90e-88a3-c7b0ac319d91">
      <Execution id="21ae2ebf-d9c7-4c00-b328-c92520d21df2" />
      <TestMethod codeBase="C:\blazaro\AplicacionComprobantePago\ComprobantePago\ComprobantePago.Tests\bin\Debug\net8.0\ComprobantePago.Tests.dll" adapterTypeName="executor://xunit/VsTestRunner2/netcoreapp" className="ComprobantePago.Tests.HU02.CA02_CamposObligatoriosTests" name="Validar_RucConLongitudIncorrecta_Falla" />
    </UnitTest>
    <UnitTest name="ComprobantePago.Tests.HU02.CA01_ExtraccionDatosXmlTests.LeerXml_ExtraeRazonSocialProveedor" storage="c:\blazaro\aplicacioncomprobantepago\comprobantepago\comprobantepago.tests\bin\debug\net8.0\comprobantepago.tests.dll" id="1b9bd291-e24f-a5c4-076b-fdb35c79aabe">
      <Execution id="cf407536-94dc-4fac-baba-12ffa5233012" />
      <TestMethod codeBase="C:\blazaro\AplicacionComprobantePago\ComprobantePago\ComprobantePago.Tests\bin\Debug\net8.0\ComprobantePago.Tests.dll" adapterTypeName="executor://xunit/VsTestRunner2/netcoreapp" className="ComprobantePago.Tests.HU02.CA01_ExtraccionDatosXmlTests" name="LeerXml_ExtraeRazonSocialProveedor" />
    </UnitTest>
    <UnitTest name="ComprobantePago.Tests.HU02.CA02_CamposObligatoriosTests.Validar_FechaEmisionVacia_Falla" storage="c:\blazaro\aplicacioncomprobantepago\comprobantepago\comprobantepago.tests\bin\debug\net8.0\comprobantepago.tests.dll" id="1dc46ec3-d79d-b53f-6757-36f8eccd3b58">
      <Execution id="a6791a28-e0cd-44b7-aeb8-a4aaffc71f86" />
      <TestMethod codeBase="C:\blazaro\AplicacionComprobantePago\ComprobantePago\ComprobantePago.Tests\bin\Debug\net8.0\ComprobantePago.Tests.dll" adapterTypeName="executor://xunit/VsTestRunner2/netcoreapp" className="ComprobantePago.Tests.HU02.CA02_CamposObligatoriosTests" name="Validar_FechaEmisionVacia_Falla" />
    </UnitTest>
    <UnitTest name="ComprobantePago.Tests.HU02.CA02_CamposObligatoriosTests.Validar_RazonSocialVacia_Falla" storage="c:\blazaro\aplicacioncomprobantepago\comprobantepago\comprobantepago.tests\bin\debug\net8.0\comprobantepago.tests.dll" id="d5b3692c-0732-7e3d-70d4-cc417b20fa74">
      <Execution id="77f8117f-9bf5-4e93-8a1a-352ebb4cd919" />
      <TestMethod codeBase="C:\blazaro\AplicacionComprobantePago\ComprobantePago\ComprobantePago.Tests\bin\Debug\net8.0\ComprobantePago.Tests.dll" adapterTypeName="executor://xunit/VsTestRunner2/netcoreapp" className="ComprobantePago.Tests.HU02.CA02_CamposObligatoriosTests" name="Validar_RazonSocialVacia_Falla" />
    </UnitTest>
    <UnitTest name="ComprobantePago.Tests.HU02.CA03_FacturacionManualTests.GuardarManual_PersisteDatosDeMontos" storage="c:\blazaro\aplicacioncomprobantepago\comprobantepago\comprobantepago.tests\bin\debug\net8.0\comprobantepago.tests.dll" id="b9f680ec-2b2b-3321-03c1-8fff1d9fd624">
      <Execution id="fc69d83b-c761-4a13-92ea-2fcc1f0b0dde" />
      <TestMethod codeBase="C:\blazaro\AplicacionComprobantePago\ComprobantePago\ComprobantePago.Tests\bin\Debug\net8.0\ComprobantePago.Tests.dll" adapterTypeName="executor://xunit/VsTestRunner2/netcoreapp" className="ComprobantePago.Tests.HU02.CA03_FacturacionManualTests" name="GuardarManual_PersisteDatosDeMontos" />
    </UnitTest>
    <UnitTest name="ComprobantePago.Tests.HU02.CA03_FacturacionManualTests.GuardarManual_SinFolioPrevio_GeneraFolio" storage="c:\blazaro\aplicacioncomprobantepago\comprobantepago\comprobantepago.tests\bin\debug\net8.0\comprobantepago.tests.dll" id="c5ca8015-7745-9ec9-2520-4ef6b2c71003">
      <Execution id="6878d4ea-10c5-42a4-a422-f35f33920530" />
      <TestMethod codeBase="C:\blazaro\AplicacionComprobantePago\ComprobantePago\ComprobantePago.Tests\bin\Debug\net8.0\ComprobantePago.Tests.dll" adapterTypeName="executor://xunit/VsTestRunner2/netcoreapp" className="ComprobantePago.Tests.HU02.CA03_FacturacionManualTests" name="GuardarManual_SinFolioPrevio_GeneraFolio" />
    </UnitTest>
    <UnitTest name="ComprobantePago.Tests.HU02.CA03_FacturacionManualTests.GuardarManual_AceptaTiposDeComprobanteInterno(tipoDocumento: &quot;VC&quot;, descripcion: &quot;Vale de caja&quot;)" storage="c:\blazaro\aplicacioncomprobantepago\comprobantepago\comprobantepago.tests\bin\debug\net8.0\comprobantepago.tests.dll" id="a92615cc-7165-ec7f-9d77-edfd0fe80660">
      <Execution id="3401234f-5689-4849-8a7c-68d60b494402" />
      <TestMethod codeBase="C:\blazaro\AplicacionComprobantePago\ComprobantePago\ComprobantePago.Tests\bin\Debug\net8.0\ComprobantePago.Tests.dll" adapterTypeName="executor://xunit/VsTestRunner2/netcoreapp" className="ComprobantePago.Tests.HU02.CA03_FacturacionManualTests" name="GuardarManual_AceptaTiposDeComprobanteInterno" />
    </UnitTest>
    <UnitTest name="ComprobantePago.Tests.HU02.CA01_ExtraccionDatosXmlTests.LeerXml_CuandoMonedaUSD_TasaCambioSeLeDelXml" storage="c:\blazaro\aplicacioncomprobantepago\comprobantepago\comprobantepago.tests\bin\debug\net8.0\comprobantepago.tests.dll" id="92e450d1-c781-907c-eadd-1de7dc13eaef">
      <Execution id="9e63e313-f4ae-4e7b-b55a-b732d2407d83" />
      <TestMethod codeBase="C:\blazaro\AplicacionComprobantePago\ComprobantePago\ComprobantePago.Tests\bin\Debug\net8.0\ComprobantePago.Tests.dll" adapterTypeName="executor://xunit/VsTestRunner2/netcoreapp" className="ComprobantePago.Tests.HU02.CA01_ExtraccionDatosXmlTests" name="LeerXml_CuandoMonedaUSD_TasaCambioSeLeDelXml" />
    </UnitTest>
    <UnitTest name="ComprobantePago.Tests.HU02.CA01_ExtraccionDatosXmlTests.LeerXml_ExtraeSerie" storage="c:\blazaro\aplicacioncomprobantepago\comprobantepago\comprobantepago.tests\bin\debug\net8.0\comprobantepago.tests.dll" id="b33069ad-708e-c2bf-acbe-ed8dcd66f15c">
      <Execution id="c36a4bbd-b4f8-4697-97b9-bac00cbcb85a" />
      <TestMethod codeBase="C:\blazaro\AplicacionComprobantePago\ComprobantePago\ComprobantePago.Tests\bin\Debug\net8.0\ComprobantePago.Tests.dll" adapterTypeName="executor://xunit/VsTestRunner2/netcoreapp" className="ComprobantePago.Tests.HU02.CA01_ExtraccionDatosXmlTests" name="LeerXml_ExtraeSerie" />
    </UnitTest>
    <UnitTest name="ComprobantePago.Tests.HU02.CA02_CamposObligatoriosTests.Validar_ConDetraccionPorcentajeSuperior100_Falla" storage="c:\blazaro\aplicacioncomprobantepago\comprobantepago\comprobantepago.tests\bin\debug\net8.0\comprobantepago.tests.dll" id="fcb3e288-c8d0-cead-ec8c-2cf540c73ab4">
      <Execution id="6a6054bb-55de-4d1b-b256-505d82936f97" />
      <TestMethod codeBase="C:\blazaro\AplicacionComprobantePago\ComprobantePago\ComprobantePago.Tests\bin\Debug\net8.0\ComprobantePago.Tests.dll" adapterTypeName="executor://xunit/VsTestRunner2/netcoreapp" className="ComprobantePago.Tests.HU02.CA02_CamposObligatoriosTests" name="Validar_ConDetraccionPorcentajeSuperior100_Falla" />
    </UnitTest>
    <UnitTest name="ComprobantePago.Tests.HU02.CA02_CamposObligatoriosTests.Validar_SinDetraccion_PorcentajeNoSeValida" storage="c:\blazaro\aplicacioncomprobantepago\comprobantepago\comprobantepago.tests\bin\debug\net8.0\comprobantepago.tests.dll" id="a676a1a4-e88b-0053-da90-f7178df680bb">
      <Execution id="36f7722f-4ff4-4021-8294-535965d83627" />
      <TestMethod codeBase="C:\blazaro\AplicacionComprobantePago\ComprobantePago\ComprobantePago.Tests\bin\Debug\net8.0\ComprobantePago.Tests.dll" adapterTypeName="executor://xunit/VsTestRunner2/netcoreapp" className="ComprobantePago.Tests.HU02.CA02_CamposObligatoriosTests" name="Validar_SinDetraccion_PorcentajeNoSeValida" />
    </UnitTest>
    <UnitTest name="ComprobantePago.Tests.HU02.CA03_FacturacionManualTests.GuardarManual_RegistraUsuarioYFechaDigitacion" storage="c:\blazaro\aplicacioncomprobantepago\comprobantepago\comprobantepago.tests\bin\debug\net8.0\comprobantepago.tests.dll" id="08834555-204b-4de3-5218-890cced9d139">
      <Execution id="d252b60b-a686-45c6-9479-148d0b13cfb5" />
      <TestMethod codeBase="C:\blazaro\AplicacionComprobantePago\ComprobantePago\ComprobantePago.Tests\bin\Debug\net8.0\ComprobantePago.Tests.dll" adapterTypeName="executor://xunit/VsTestRunner2/netcoreapp" className="ComprobantePago.Tests.HU02.CA03_FacturacionManualTests" name="GuardarManual_RegistraUsuarioYFechaDigitacion" />
    </UnitTest>
  </TestDefinitions>
  <TestEntries>
    <TestEntry testId="fcb3e288-c8d0-cead-ec8c-2cf540c73ab4" executionId="6a6054bb-55de-4d1b-b256-505d82936f97" testListId="8c84fa94-04c1-424b-9868-57a2d4851a1d" />
    <TestEntry testId="7db68d7a-2162-1a17-64c9-6a1f6ad9de1d" executionId="0fc6a9b0-382a-48a3-89a4-f1dbead927cd" testListId="8c84fa94-04c1-424b-9868-57a2d4851a1d" />
    <TestEntry testId="d886b68b-6257-cdc9-417a-b1c8b3b57218" executionId="336326dd-bf75-48f4-b39c-cbc1613171bd" testListId="8c84fa94-04c1-424b-9868-57a2d4851a1d" />
    <TestEntry testId="a92615cc-7165-ec7f-9d77-edfd0fe80660" executionId="3401234f-5689-4849-8a7c-68d60b494402" testListId="8c84fa94-04c1-424b-9868-57a2d4851a1d" />
    <TestEntry testId="ed146f86-c1f8-3b75-5876-5e3af4152194" executionId="f5daec06-eb9a-45c8-b588-1636cb32b802" testListId="8c84fa94-04c1-424b-9868-57a2d4851a1d" />
    <TestEntry testId="fe273b18-f5ca-ae54-2030-79c7db073f10" executionId="ee57673d-c0e6-4285-976d-a60a08abe942" testListId="8c84fa94-04c1-424b-9868-57a2d4851a1d" />
    <TestEntry testId="50d8bef0-11ca-a75b-4d32-cf189e93a7e3" executionId="b655ae73-6d5d-402d-8cb2-d71a13c3137a" testListId="8c84fa94-04c1-424b-9868-57a2d4851a1d" />
    <TestEntry testId="d3863f3c-d514-28e6-a43f-d65390cdcf8b" executionId="97d07019-2ec9-466c-9d6e-4d85995a1a59" testListId="8c84fa94-04c1-424b-9868-57a2d4851a1d" />
    <TestEntry testId="3787595c-430b-6949-81f1-e91abd9d54be" executionId="d67258c6-fd2d-4e02-b0b5-a7f974ab4ea5" testListId="8c84fa94-04c1-424b-9868-57a2d4851a1d" />
    <TestEntry testId="dfd7a954-6540-e13c-e200-cf790e92a9d2" executionId="7c06eabe-d3cd-4df8-aea9-afc352661914" testListId="8c84fa94-04c1-424b-9868-57a2d4851a1d" />
    <TestEntry testId="f61600fd-1597-dfdf-17b7-8fcc0313cb51" executionId="9c398189-fbd7-4d79-a281-0d5aa10c4470" testListId="8c84fa94-04c1-424b-9868-57a2d4851a1d" />
    <TestEntry testId="867e44db-675a-c8c6-bb13-8d1bbd2e2d2e" executionId="77aea871-a904-4e1d-a3fb-9f0a27620b97" testListId="8c84fa94-04c1-424b-9868-57a2d4851a1d" />
    <TestEntry testId="1b9bd291-e24f-a5c4-076b-fdb35c79aabe" executionId="cf407536-94dc-4fac-baba-12ffa5233012" testListId="8c84fa94-04c1-424b-9868-57a2d4851a1d" />
    <TestEntry testId="4a93f0aa-d9f2-1cd1-583f-133f0035fb6e" executionId="bc95e1d4-36a1-4b81-a16f-dc03f48af508" testListId="8c84fa94-04c1-424b-9868-57a2d4851a1d" />
    <TestEntry testId="08f5d51d-59e4-b8de-caaf-6cccf9d25dcf" executionId="8357aff3-fcbb-4cfb-b681-c672a8f9cbb9" testListId="8c84fa94-04c1-424b-9868-57a2d4851a1d" />
    <TestEntry testId="a676a1a4-e88b-0053-da90-f7178df680bb" executionId="36f7722f-4ff4-4021-8294-535965d83627" testListId="8c84fa94-04c1-424b-9868-57a2d4851a1d" />
    <TestEntry testId="75c36766-fe91-2a89-b7c0-389d40b66c1b" executionId="8dae197e-d6e6-47ae-8bf6-cde7db66e75f" testListId="8c84fa94-04c1-424b-9868-57a2d4851a1d" />
    <TestEntry testId="ab2baa25-0505-b216-eba5-85e3b5382be3" executionId="87ab2107-b3f7-4892-9a93-be81b63558f0" testListId="8c84fa94-04c1-424b-9868-57a2d4851a1d" />
    <TestEntry testId="b33069ad-708e-c2bf-acbe-ed8dcd66f15c" executionId="c36a4bbd-b4f8-4697-97b9-bac00cbcb85a" testListId="8c84fa94-04c1-424b-9868-57a2d4851a1d" />
    <TestEntry testId="92e450d1-c781-907c-eadd-1de7dc13eaef" executionId="9e63e313-f4ae-4e7b-b55a-b732d2407d83" testListId="8c84fa94-04c1-424b-9868-57a2d4851a1d" />
    <TestEntry testId="42f474f3-df50-e31f-4143-7f04bd29da13" executionId="3745748e-31eb-4a4e-99e1-b59277215687" testListId="8c84fa94-04c1-424b-9868-57a2d4851a1d" />
    <TestEntry testId="c5572030-4687-7e59-e5bb-d18c2488fb90" executionId="ecab0d86-4602-4fef-9d7a-b5cf391950df" testListId="8c84fa94-04c1-424b-9868-57a2d4851a1d" />
    <TestEntry testId="81118a81-6c47-8a0c-7897-46a976c3d2e2" executionId="6dc26adc-fc7a-4bcd-85fd-b38c1e05c12c" testListId="8c84fa94-04c1-424b-9868-57a2d4851a1d" />
    <TestEntry testId="dc318268-7f21-5a1b-92a8-f0dbfaa5a42f" executionId="bd976b44-05d6-4849-a2ba-a2abbc852c81" testListId="8c84fa94-04c1-424b-9868-57a2d4851a1d" />
    <TestEntry testId="8a021058-1f4f-8b07-3a57-57034d623a78" executionId="4f01e030-1cda-41b2-bb00-fd79b7c49729" testListId="8c84fa94-04c1-424b-9868-57a2d4851a1d" />
    <TestEntry testId="d3ac4111-e3bb-bf79-104e-b7a2c13a42a3" executionId="7995d196-8bf6-49df-8489-0d2d739eebcc" testListId="8c84fa94-04c1-424b-9868-57a2d4851a1d" />
    <TestEntry testId="90756bab-67c7-de68-3521-6af11f05b6ba" executionId="27ccca36-97c4-4ba1-b78d-e04bcc0940f4" testListId="8c84fa94-04c1-424b-9868-57a2d4851a1d" />
    <TestEntry testId="af985848-1500-6db7-2620-390311c32f8b" executionId="c7d3c7b7-223d-4a9f-872f-04c818d53f94" testListId="8c84fa94-04c1-424b-9868-57a2d4851a1d" />
    <TestEntry testId="b9f680ec-2b2b-3321-03c1-8fff1d9fd624" executionId="fc69d83b-c761-4a13-92ea-2fcc1f0b0dde" testListId="8c84fa94-04c1-424b-9868-57a2d4851a1d" />
    <TestEntry testId="7c0450e6-7a55-63fa-1f30-e37ae27ac0b4" executionId="fbddd670-cf95-4c98-958e-86d67b4f689b" testListId="8c84fa94-04c1-424b-9868-57a2d4851a1d" />
    <TestEntry testId="c5ca8015-7745-9ec9-2520-4ef6b2c71003" executionId="6878d4ea-10c5-42a4-a422-f35f33920530" testListId="8c84fa94-04c1-424b-9868-57a2d4851a1d" />
    <TestEntry testId="96f31a33-d142-77ab-b7f5-9e722087bde4" executionId="88776794-a6e3-4e1f-8e31-272ac2f6de68" testListId="8c84fa94-04c1-424b-9868-57a2d4851a1d" />
    <TestEntry testId="56d20427-2768-b51a-1c3e-e722d378b12c" executionId="a7e2fcde-6f34-4f7a-8fdb-bf6e62fbd8c9" testListId="8c84fa94-04c1-424b-9868-57a2d4851a1d" />
    <TestEntry testId="e3f42080-a129-a93d-616e-3882640cb928" executionId="2486506c-610f-4909-a8b5-d2c4eeb06c33" testListId="8c84fa94-04c1-424b-9868-57a2d4851a1d" />
    <TestEntry testId="d5b3692c-0732-7e3d-70d4-cc417b20fa74" executionId="77f8117f-9bf5-4e93-8a1a-352ebb4cd919" testListId="8c84fa94-04c1-424b-9868-57a2d4851a1d" />
    <TestEntry testId="81292063-db4b-a393-0745-43e48e5ba6ee" executionId="b8e2d70c-869c-4459-bb3e-ab36521ca756" testListId="8c84fa94-04c1-424b-9868-57a2d4851a1d" />
    <TestEntry testId="08834555-204b-4de3-5218-890cced9d139" executionId="d252b60b-a686-45c6-9479-148d0b13cfb5" testListId="8c84fa94-04c1-424b-9868-57a2d4851a1d" />
    <TestEntry testId="d81c7915-a9af-3938-1509-059d0c1ba741" executionId="593f2d32-0da1-484d-a268-48b7c3b77c46" testListId="8c84fa94-04c1-424b-9868-57a2d4851a1d" />
    <TestEntry testId="84d8b24e-2b72-44c3-1a77-3bf234c33c1f" executionId="5f3ae3f4-405a-424d-94df-9e6b79c6ae23" testListId="8c84fa94-04c1-424b-9868-57a2d4851a1d" />
    <TestEntry testId="5ae69a36-b9a0-ad41-0d3d-c1229c0782fe" executionId="fe4187f4-a243-4f34-98a0-8d5bbd9270a8" testListId="8c84fa94-04c1-424b-9868-57a2d4851a1d" />
    <TestEntry testId="1dc46ec3-d79d-b53f-6757-36f8eccd3b58" executionId="a6791a28-e0cd-44b7-aeb8-a4aaffc71f86" testListId="8c84fa94-04c1-424b-9868-57a2d4851a1d" />
    <TestEntry testId="74bf3783-6fc1-c90e-88a3-c7b0ac319d91" executionId="21ae2ebf-d9c7-4c00-b328-c92520d21df2" testListId="8c84fa94-04c1-424b-9868-57a2d4851a1d" />
    <TestEntry testId="899b0d3a-379c-414a-b120-5641e0057ced" executionId="998a9e42-ba88-47be-81b4-8453255c4f5e" testListId="8c84fa94-04c1-424b-9868-57a2d4851a1d" />
  </TestEntries>
  <TestLists>
    <TestList name="Resultados sin formato de lista" id="8c84fa94-04c1-424b-9868-57a2d4851a1d" />
    <TestList name="Todos los resultados cargados" id="19431567-8539-422a-85d7-44ee4e166bda" />
  </TestLists>
  <ResultSummary outcome="Completed">
    <Counters total="43" executed="43" passed="43" failed="0" error="0" timeout="0" aborted="0" inconclusive="0" passedButRunAborted="0" notRunnable="0" notExecuted="0" disconnected="0" warning="0" completed="0" inProgress="0" pending="0" />
    <Output>
      <StdOut>[xUnit.net 00:00:00.00] xUnit.net VSTest Adapter v2.5.7+8f2703126a (64-bit .NET 8.0.17)&#xD;
[xUnit.net 00:00:00.14]   Discovering: ComprobantePago.Tests&#xD;
[xUnit.net 00:00:00.17]   Discovered:  ComprobantePago.Tests&#xD;
[xUnit.net 00:00:00.17]   Starting:    ComprobantePago.Tests&#xD;
[xUnit.net 00:00:00.89]   Finished:    ComprobantePago.Tests&#xD;
</StdOut>
    </Output>
  </ResultSummary>
</TestRun>