<?xml version="1.0" encoding="utf-8"?>
<TestRun id="fea2da8e-adb7-4ca6-bf18-105f9546a757" name="blazaro@BLAZARO 2026-04-07 15:13:05" runUser="TECSUR\blazaro" xmlns="http://microsoft.com/schemas/VisualStudio/TeamTest/2010">
  <Times creation="2026-04-07T15:13:05.8940248-05:00" queuing="2026-04-07T15:13:05.8940251-05:00" start="2026-04-07T15:13:05.0663277-05:00" finish="2026-04-07T15:13:06.0993464-05:00" />
  <TestSettings name="default" id="8778cb6e-a282-4729-a0ff-1765d54e43fe">
    <Deployment runDeploymentRoot="blazaro_BLAZARO_2026-04-07_15_13_05" />
  </TestSettings>
  <Results>
    <UnitTestResult executionId="f0b8ab47-3af4-4b6d-8260-78ca74aa0f74" testId="84be820b-6040-a3e1-e337-1274bd94aff1" testName="ComprobantePago.Tests.HU01.CA01_ValidacionAutomaticaSunatTests.ValidarXml_InvocaSunatConDatosExtraidos" computerName="BLAZARO" duration="00:00:00.0015190" startTime="2026-04-07T15:13:05.9620111-05:00" endTime="2026-04-07T15:13:05.9620112-05:00" testType="13cdc9d9-ddb5-4fa4-a97d-d965ccfc6d4b" outcome="Passed" testListId="8c84fa94-04c1-424b-9868-57a2d4851a1d" relativeResultsDirectory="f0b8ab47-3af4-4b6d-8260-78ca74aa0f74" />
    <UnitTestResult executionId="41f8d29c-d10c-4cb4-949e-7a67f7f3447f" testId="9a4e614b-0122-223c-c897-d8284a2185b5" testName="ComprobantePago.Tests.HU01.CA04_GeneracionFolioTests.GenerarFolio_CuandoSunatRechaza_NoGeneraFolio" computerName="BLAZARO" duration="00:00:00.0013115" startTime="2026-04-07T15:13:06.0517227-05:00" endTime="2026-04-07T15:13:06.0517229-05:00" testType="13cdc9d9-ddb5-4fa4-a97d-d965ccfc6d4b" outcome="Passed" testListId="8c84fa94-04c1-424b-9868-57a2d4851a1d" relativeResultsDirectory="41f8d29c-d10c-4cb4-949e-7a67f7f3447f" />
    <UnitTestResult executionId="407305e1-db2a-428c-8742-79e01accce15" testId="527e021f-9b13-748a-ebe4-08761cf23cae" testName="ComprobantePago.Tests.HU01.CA03_AlertaComprobanteDadoDeBajaTests.ValidarXml_CuandoComprobanteDadoDeBaja_NoGeneraFolio" computerName="BLAZARO" duration="00:00:00.0216931" startTime="2026-04-07T15:13:05.8535298-05:00" endTime="2026-04-07T15:13:05.8535298-05:00" testType="13cdc9d9-ddb5-4fa4-a97d-d965ccfc6d4b" outcome="Passed" testListId="8c84fa94-04c1-424b-9868-57a2d4851a1d" relativeResultsDirectory="407305e1-db2a-428c-8742-79e01accce15" />
    <UnitTestResult executionId="0e1d0a33-c754-4fcc-9b2d-27d5e572cec0" testId="4f9a55e5-93e9-78a9-c629-3597b801785c" testName="ComprobantePago.Tests.HU01.CA03_AlertaComprobanteDadoDeBajaTests.ValidarXml_CuandoComprobanteDadoDeBaja_ReportaCodigoAnulado" computerName="BLAZARO" duration="00:00:00.0012056" startTime="2026-04-07T15:13:05.8755161-05:00" endTime="2026-04-07T15:13:05.8755161-05:00" testType="13cdc9d9-ddb5-4fa4-a97d-d965ccfc6d4b" outcome="Passed" testListId="8c84fa94-04c1-424b-9868-57a2d4851a1d" relativeResultsDirectory="0e1d0a33-c754-4fcc-9b2d-27d5e572cec0" />
    <UnitTestResult executionId="0760a8f1-b6d9-499a-bf6f-51e1ac6a9811" testId="f0b5f313-3f45-5a3c-aaac-403650d79ae7" testName="ComprobantePago.Tests.HU01.CA02_AlertaDocumentoNoValidadoTests.ValidarXml_CuandoFallaConexionSunat_RetornaError" computerName="BLAZARO" duration="00:00:00.0275326" startTime="2026-04-07T15:13:05.8534729-05:00" endTime="2026-04-07T15:13:05.8534731-05:00" testType="13cdc9d9-ddb5-4fa4-a97d-d965ccfc6d4b" outcome="Passed" testListId="8c84fa94-04c1-424b-9868-57a2d4851a1d" relativeResultsDirectory="0760a8f1-b6d9-499a-bf6f-51e1ac6a9811" />
    <UnitTestResult executionId="fe7c4695-5a88-464f-9104-43d94d0438cb" testId="bb6480e4-9d63-bec0-2377-91ee4f871968" testName="ComprobantePago.Tests.HU01.CA04_GeneracionFolioTests.GenerarFolio_ContieneMesActualConDosDigitos" computerName="BLAZARO" duration="00:00:00.4539094" startTime="2026-04-07T15:13:05.9471408-05:00" endTime="2026-04-07T15:13:05.9471409-05:00" testType="13cdc9d9-ddb5-4fa4-a97d-d965ccfc6d4b" outcome="Passed" testListId="8c84fa94-04c1-424b-9868-57a2d4851a1d" relativeResultsDirectory="fe7c4695-5a88-464f-9104-43d94d0438cb" />
    <UnitTestResult executionId="59095bab-00e2-4946-910c-4db59422df5b" testId="08e4d827-f67c-ad7d-ac4d-4fcd94db18c4" testName="ComprobantePago.Tests.HU01.CA03_AlertaComprobanteDadoDeBajaTests.ValidarXml_CuandoComprobanteDadoDeBaja_IncluyeMotivoRechazo" computerName="BLAZARO" duration="00:00:00.0018735" startTime="2026-04-07T15:13:05.8553902-05:00" endTime="2026-04-07T15:13:05.8553903-05:00" testType="13cdc9d9-ddb5-4fa4-a97d-d965ccfc6d4b" outcome="Passed" testListId="8c84fa94-04c1-424b-9868-57a2d4851a1d" relativeResultsDirectory="59095bab-00e2-4946-910c-4db59422df5b" />
    <UnitTestResult executionId="313c02f1-b4ef-4659-b6c5-219e5128a155" testId="1a29d69b-e5bc-11ec-6c81-0dcc80a4dc6c" testName="ComprobantePago.Tests.HU01.CA04_GeneracionFolioTests.GenerarFolio_ContieneAnioActual" computerName="BLAZARO" duration="00:00:00.0010636" startTime="2026-04-07T15:13:06.0528242-05:00" endTime="2026-04-07T15:13:06.0528243-05:00" testType="13cdc9d9-ddb5-4fa4-a97d-d965ccfc6d4b" outcome="Passed" testListId="8c84fa94-04c1-424b-9868-57a2d4851a1d" relativeResultsDirectory="313c02f1-b4ef-4659-b6c5-219e5128a155" />
    <UnitTestResult executionId="cc71f494-3861-4aeb-84df-72680cbaf7fe" testId="a16140d9-7686-5e9b-7b50-9e2b1b994d3b" testName="ComprobantePago.Tests.HU01.CA01_ValidacionAutomaticaSunatTests.ValidarXml_AceptaTiposDeDocumentoPermitidos(tipoDoc: &quot;08&quot;, serie: &quot;FD01&quot;, descripcion: &quot;Nota de débito&quot;)" computerName="BLAZARO" duration="00:00:00.0011367" startTime="2026-04-07T15:13:05.9551680-05:00" endTime="2026-04-07T15:13:05.9551681-05:00" testType="13cdc9d9-ddb5-4fa4-a97d-d965ccfc6d4b" outcome="Passed" testListId="8c84fa94-04c1-424b-9868-57a2d4851a1d" relativeResultsDirectory="cc71f494-3861-4aeb-84df-72680cbaf7fe" />
    <UnitTestResult executionId="3d1a0b46-66d8-4bb5-a51a-b6c952ab4fb3" testId="340219e2-d434-d791-0c44-fab065b49896" testName="ComprobantePago.Tests.HU01.CA01_ValidacionAutomaticaSunatTests.ValidarXml_AceptaTiposDeDocumentoPermitidos(tipoDoc: &quot;03&quot;, serie: &quot;B001&quot;, descripcion: &quot;Boleta de venta&quot;)" computerName="BLAZARO" duration="00:00:00.0014547" startTime="2026-04-07T15:13:05.9540201-05:00" endTime="2026-04-07T15:13:05.9540202-05:00" testType="13cdc9d9-ddb5-4fa4-a97d-d965ccfc6d4b" outcome="Passed" testListId="8c84fa94-04c1-424b-9868-57a2d4851a1d" relativeResultsDirectory="3d1a0b46-66d8-4bb5-a51a-b6c952ab4fb3" />
    <UnitTestResult executionId="043246ee-35af-4c21-bfda-1659e76616e5" testId="6e60a625-41f7-a69e-c8b1-c9728c5ecd2f" testName="ComprobantePago.Tests.HU01.CA04_GeneracionFolioTests.GenerarFolio_IncremntaCorrelativamente_CuandaYaExistenComprobantes" computerName="BLAZARO" duration="00:00:00.0997895" startTime="2026-04-07T15:13:06.0491008-05:00" endTime="2026-04-07T15:13:06.0491009-05:00" testType="13cdc9d9-ddb5-4fa4-a97d-d965ccfc6d4b" outcome="Passed" testListId="8c84fa94-04c1-424b-9868-57a2d4851a1d" relativeResultsDirectory="043246ee-35af-4c21-bfda-1659e76616e5" />
    <UnitTestResult executionId="60b4a2b2-aeef-4e83-956a-0dc12684b97b" testId="5fa88189-4b6a-d6cd-ae61-d5aebc178d40" testName="ComprobantePago.Tests.HU01.CA04_GeneracionFolioTests.GenerarFolio_IniciaDesdeCeroUno_CuandoNoHayComprobantes" computerName="BLAZARO" duration="00:00:00.0020625" startTime="2026-04-07T15:13:05.9492326-05:00" endTime="2026-04-07T15:13:05.9492327-05:00" testType="13cdc9d9-ddb5-4fa4-a97d-d965ccfc6d4b" outcome="Passed" testListId="8c84fa94-04c1-424b-9868-57a2d4851a1d" relativeResultsDirectory="60b4a2b2-aeef-4e83-956a-0dc12684b97b" />
    <UnitTestResult executionId="f3c14e36-627e-4e3e-a2f6-7e2e375a10b5" testId="3449da85-fdbc-aa3b-7794-70dd7ee30d1c" testName="ComprobantePago.Tests.HU01.CA04_GeneracionFolioTests.GenerarFolio_CorrelativoEsDeCuatroDigitos" computerName="BLAZARO" duration="00:00:00.0011645" startTime="2026-04-07T15:13:06.0502946-05:00" endTime="2026-04-07T15:13:06.0502947-05:00" testType="13cdc9d9-ddb5-4fa4-a97d-d965ccfc6d4b" outcome="Passed" testListId="8c84fa94-04c1-424b-9868-57a2d4851a1d" relativeResultsDirectory="f3c14e36-627e-4e3e-a2f6-7e2e375a10b5" />
    <UnitTestResult executionId="9624b2bc-f41b-4951-ba4b-8dd23ff0ca82" testId="3d82f3fd-4a5f-3242-776f-d678c14fee53" testName="ComprobantePago.Tests.HU01.CA02_AlertaDocumentoNoValidadoTests.ValidarXml_CuandoNoAutorizadoImprenta_NoGeneraFolio" computerName="BLAZARO" duration="00:00:00.0008393" startTime="2026-04-07T15:13:05.8753533-05:00" endTime="2026-04-07T15:13:05.8753534-05:00" testType="13cdc9d9-ddb5-4fa4-a97d-d965ccfc6d4b" outcome="Passed" testListId="8c84fa94-04c1-424b-9868-57a2d4851a1d" relativeResultsDirectory="9624b2bc-f41b-4951-ba4b-8dd23ff0ca82" />
    <UnitTestResult executionId="bd36c20f-bba1-485c-89f2-ed88919bd400" testId="78279c45-cfe6-55ec-c516-423e315f9387" testName="ComprobantePago.Tests.HU01.CA02_AlertaDocumentoNoValidadoTests.ValidarXml_CuandoNoExisteEnSunat_NoGeneraFolio" computerName="BLAZARO" duration="00:00:00.0011646" startTime="2026-04-07T15:13:05.8546421-05:00" endTime="2026-04-07T15:13:05.8546422-05:00" testType="13cdc9d9-ddb5-4fa4-a97d-d965ccfc6d4b" outcome="Passed" testListId="8c84fa94-04c1-424b-9868-57a2d4851a1d" relativeResultsDirectory="bd36c20f-bba1-485c-89f2-ed88919bd400" />
    <UnitTestResult executionId="5fc4136e-dfe3-4e25-bd4f-ec50d418dc41" testId="fefc390a-1cdd-e5d1-d335-2f6621693635" testName="ComprobantePago.Tests.HU01.CA01_ValidacionAutomaticaSunatTests.ValidarZip_CuandoSunatAcepta_RetornaFolioGenerado" computerName="BLAZARO" duration="00:00:00.0024875" startTime="2026-04-07T15:13:05.9496309-05:00" endTime="2026-04-07T15:13:05.9496310-05:00" testType="13cdc9d9-ddb5-4fa4-a97d-d965ccfc6d4b" outcome="Passed" testListId="8c84fa94-04c1-424b-9868-57a2d4851a1d" relativeResultsDirectory="5fc4136e-dfe3-4e25-bd4f-ec50d418dc41" />
    <UnitTestResult executionId="2bc5fcd6-304d-4a7d-a1d9-be2608c8a259" testId="8d6670c2-31c1-6c8d-731e-e6c42ec9c36d" testName="ComprobantePago.Tests.HU01.CA02_AlertaDocumentoNoValidadoTests.ValidarZip_SinXmlInterno_RetornaErrorSinLlamarSunat" computerName="BLAZARO" duration="00:00:00.3303498" startTime="2026-04-07T15:13:05.8267899-05:00" endTime="2026-04-07T15:13:05.8267995-05:00" testType="13cdc9d9-ddb5-4fa4-a97d-d965ccfc6d4b" outcome="Passed" testListId="8c84fa94-04c1-424b-9868-57a2d4851a1d" relativeResultsDirectory="2bc5fcd6-304d-4a7d-a1d9-be2608c8a259" />
    <UnitTestResult executionId="c2b2aa90-544c-45e3-adcb-b1f58ab829ba" testId="d7a8a645-27ff-cada-176b-081dad9c5361" testName="ComprobantePago.Tests.HU01.CA02_AlertaDocumentoNoValidadoTests.ValidarZip_CuandoSunatNoEncuentraComprobante_NoGeneraFolio" computerName="BLAZARO" duration="00:00:00.0010606" startTime="2026-04-07T15:13:05.8754653-05:00" endTime="2026-04-07T15:13:05.8754654-05:00" testType="13cdc9d9-ddb5-4fa4-a97d-d965ccfc6d4b" outcome="Passed" testListId="8c84fa94-04c1-424b-9868-57a2d4851a1d" relativeResultsDirectory="c2b2aa90-544c-45e3-adcb-b1f58ab829ba" />
    <UnitTestResult executionId="41f6637c-061c-4bf0-a609-9ed09ab7b850" testId="6acdc7c3-dd94-682a-35e0-dc70331594a5" testName="ComprobantePago.Tests.HU01.CA01_ValidacionAutomaticaSunatTests.ValidarXml_CuandoSunatAutorizaImprenta_RetornaFolioGenerado" computerName="BLAZARO" duration="00:00:00.0013362" startTime="2026-04-07T15:13:05.9510117-05:00" endTime="2026-04-07T15:13:05.9510118-05:00" testType="13cdc9d9-ddb5-4fa4-a97d-d965ccfc6d4b" outcome="Passed" testListId="8c84fa94-04c1-424b-9868-57a2d4851a1d" relativeResultsDirectory="41f6637c-061c-4bf0-a609-9ed09ab7b850" />
    <UnitTestResult executionId="26da0f08-26fb-4ceb-a888-4c4fff050bb3" testId="daaa1b9d-1a5f-29fc-6f1e-13723bcbd29f" testName="ComprobantePago.Tests.HU01.CA01_ValidacionAutomaticaSunatTests.ValidarXml_AceptaTiposDeDocumentoPermitidos(tipoDoc: &quot;01&quot;, serie: &quot;F001&quot;, descripcion: &quot;Factura&quot;)" computerName="BLAZARO" duration="00:00:00.0013641" startTime="2026-04-07T15:13:05.9524581-05:00" endTime="2026-04-07T15:13:05.9524582-05:00" testType="13cdc9d9-ddb5-4fa4-a97d-d965ccfc6d4b" outcome="Passed" testListId="8c84fa94-04c1-424b-9868-57a2d4851a1d" relativeResultsDirectory="26da0f08-26fb-4ceb-a888-4c4fff050bb3" />
    <UnitTestResult executionId="db429313-2db5-4440-87a3-3249f29bea44" testId="c2f59b63-65a1-6c47-010b-58ebdf8195b2" testName="ComprobantePago.Tests.HU01.CA01_ValidacionAutomaticaSunatTests.ValidarXml_AceptaTiposDeDocumentoPermitidos(tipoDoc: &quot;07&quot;, serie: &quot;FC01&quot;, descripcion: &quot;Nota de crédito&quot;)" computerName="BLAZARO" duration="00:00:00.0011094" startTime="2026-04-07T15:13:05.9563591-05:00" endTime="2026-04-07T15:13:05.9563592-05:00" testType="13cdc9d9-ddb5-4fa4-a97d-d965ccfc6d4b" outcome="Passed" testListId="8c84fa94-04c1-424b-9868-57a2d4851a1d" relativeResultsDirectory="db429313-2db5-4440-87a3-3249f29bea44" />
    <UnitTestResult executionId="629754dc-1de9-455e-ab41-ab734fb95db9" testId="cb0def2d-dfe7-7d39-1751-b3888ad92bce" testName="ComprobantePago.Tests.HU01.CA01_ValidacionAutomaticaSunatTests.ValidarXml_CuandoSunatAcepta_RetornaFolioGenerado" computerName="BLAZARO" duration="00:00:00.4532550" startTime="2026-04-07T15:13:05.9471658-05:00" endTime="2026-04-07T15:13:05.9471658-05:00" testType="13cdc9d9-ddb5-4fa4-a97d-d965ccfc6d4b" outcome="Passed" testListId="8c84fa94-04c1-424b-9868-57a2d4851a1d" relativeResultsDirectory="629754dc-1de9-455e-ab41-ab734fb95db9" />
    <UnitTestResult executionId="c745db72-32d6-4d26-8c39-823ce6d77b9b" testId="40cd0fdd-6bad-bf99-8581-b493594070f4" testName="ComprobantePago.Tests.HU01.CA03_AlertaComprobanteDadoDeBajaTests.ValidarXml_CuandoComprobanteDadoDeBaja_ExitoEsFalso" computerName="BLAZARO" duration="00:00:00.0014130" startTime="2026-04-07T15:13:05.8754752-05:00" endTime="2026-04-07T15:13:05.8754752-05:00" testType="13cdc9d9-ddb5-4fa4-a97d-d965ccfc6d4b" outcome="Passed" testListId="8c84fa94-04c1-424b-9868-57a2d4851a1d" relativeResultsDirectory="c745db72-32d6-4d26-8c39-823ce6d77b9b" />
    <UnitTestResult executionId="20edb39a-a8a0-4021-82ea-67cac5f4a8c5" testId="4ac1a86e-e68c-2a78-9bbe-50b0d2c97797" testName="ComprobantePago.Tests.HU01.CA03_AlertaComprobanteDadoDeBajaTests.ValidarZip_CuandoComprobanteDadoDeBaja_NoGeneraFolio" computerName="BLAZARO" duration="00:00:00.3378400" startTime="2026-04-07T15:13:05.8318298-05:00" endTime="2026-04-07T15:13:05.8318299-05:00" testType="13cdc9d9-ddb5-4fa4-a97d-d965ccfc6d4b" outcome="Passed" testListId="8c84fa94-04c1-424b-9868-57a2d4851a1d" relativeResultsDirectory="20edb39a-a8a0-4021-82ea-67cac5f4a8c5" />
    <UnitTestResult executionId="248ac8cc-7bfc-4bb9-8d78-a5ec3cd8a6fe" testId="2f0f803f-a671-621a-2531-ca13a1b6c1d8" testName="ComprobantePago.Tests.HU01.CA01_ValidacionAutomaticaSunatTests.ValidarZip_InvocaSunatConDatosDelXmlInterno" computerName="BLAZARO" duration="00:00:00.0039984" startTime="2026-04-07T15:13:05.9603723-05:00" endTime="2026-04-07T15:13:05.9603725-05:00" testType="13cdc9d9-ddb5-4fa4-a97d-d965ccfc6d4b" outcome="Passed" testListId="8c84fa94-04c1-424b-9868-57a2d4851a1d" relativeResultsDirectory="248ac8cc-7bfc-4bb9-8d78-a5ec3cd8a6fe" />
  </Results>
  <TestDefinitions>
    <UnitTest name="ComprobantePago.Tests.HU01.CA04_GeneracionFolioTests.GenerarFolio_IniciaDesdeCeroUno_CuandoNoHayComprobantes" storage="c:\blazaro\aplicacioncomprobantepago\comprobantepago\comprobantepago.tests\bin\debug\net8.0\comprobantepago.tests.dll" id="5fa88189-4b6a-d6cd-ae61-d5aebc178d40">
      <Execution id="60b4a2b2-aeef-4e83-956a-0dc12684b97b" />
      <TestMethod codeBase="C:\blazaro\AplicacionComprobantePago\ComprobantePago\ComprobantePago.Tests\bin\Debug\net8.0\ComprobantePago.Tests.dll" adapterTypeName="executor://xunit/VsTestRunner2/netcoreapp" className="ComprobantePago.Tests.HU01.CA04_GeneracionFolioTests" name="GenerarFolio_IniciaDesdeCeroUno_CuandoNoHayComprobantes" />
    </UnitTest>
    <UnitTest name="ComprobantePago.Tests.HU01.CA04_GeneracionFolioTests.GenerarFolio_ContieneMesActualConDosDigitos" storage="c:\blazaro\aplicacioncomprobantepago\comprobantepago\comprobantepago.tests\bin\debug\net8.0\comprobantepago.tests.dll" id="bb6480e4-9d63-bec0-2377-91ee4f871968">
      <Execution id="fe7c4695-5a88-464f-9104-43d94d0438cb" />
      <TestMethod codeBase="C:\blazaro\AplicacionComprobantePago\ComprobantePago\ComprobantePago.Tests\bin\Debug\net8.0\ComprobantePago.Tests.dll" adapterTypeName="executor://xunit/VsTestRunner2/netcoreapp" className="ComprobantePago.Tests.HU01.CA04_GeneracionFolioTests" name="GenerarFolio_ContieneMesActualConDosDigitos" />
    </UnitTest>
    <UnitTest name="ComprobantePago.Tests.HU01.CA02_AlertaDocumentoNoValidadoTests.ValidarXml_CuandoNoAutorizadoImprenta_NoGeneraFolio" storage="c:\blazaro\aplicacioncomprobantepago\comprobantepago\comprobantepago.tests\bin\debug\net8.0\comprobantepago.tests.dll" id="3d82f3fd-4a5f-3242-776f-d678c14fee53">
      <Execution id="9624b2bc-f41b-4951-ba4b-8dd23ff0ca82" />
      <TestMethod codeBase="C:\blazaro\AplicacionComprobantePago\ComprobantePago\ComprobantePago.Tests\bin\Debug\net8.0\ComprobantePago.Tests.dll" adapterTypeName="executor://xunit/VsTestRunner2/netcoreapp" className="ComprobantePago.Tests.HU01.CA02_AlertaDocumentoNoValidadoTests" name="ValidarXml_CuandoNoAutorizadoImprenta_NoGeneraFolio" />
    </UnitTest>
    <UnitTest name="ComprobantePago.Tests.HU01.CA01_ValidacionAutomaticaSunatTests.ValidarXml_AceptaTiposDeDocumentoPermitidos(tipoDoc: &quot;03&quot;, serie: &quot;B001&quot;, descripcion: &quot;Boleta de venta&quot;)" storage="c:\blazaro\aplicacioncomprobantepago\comprobantepago\comprobantepago.tests\bin\debug\net8.0\comprobantepago.tests.dll" id="340219e2-d434-d791-0c44-fab065b49896">
      <Execution id="3d1a0b46-66d8-4bb5-a51a-b6c952ab4fb3" />
      <TestMethod codeBase="C:\blazaro\AplicacionComprobantePago\ComprobantePago\ComprobantePago.Tests\bin\Debug\net8.0\ComprobantePago.Tests.dll" adapterTypeName="executor://xunit/VsTestRunner2/netcoreapp" className="ComprobantePago.Tests.HU01.CA01_ValidacionAutomaticaSunatTests" name="ValidarXml_AceptaTiposDeDocumentoPermitidos" />
    </UnitTest>
    <UnitTest name="ComprobantePago.Tests.HU01.CA01_ValidacionAutomaticaSunatTests.ValidarXml_AceptaTiposDeDocumentoPermitidos(tipoDoc: &quot;01&quot;, serie: &quot;F001&quot;, descripcion: &quot;Factura&quot;)" storage="c:\blazaro\aplicacioncomprobantepago\comprobantepago\comprobantepago.tests\bin\debug\net8.0\comprobantepago.tests.dll" id="daaa1b9d-1a5f-29fc-6f1e-13723bcbd29f">
      <Execution id="26da0f08-26fb-4ceb-a888-4c4fff050bb3" />
      <TestMethod codeBase="C:\blazaro\AplicacionComprobantePago\ComprobantePago\ComprobantePago.Tests\bin\Debug\net8.0\ComprobantePago.Tests.dll" adapterTypeName="executor://xunit/VsTestRunner2/netcoreapp" className="ComprobantePago.Tests.HU01.CA01_ValidacionAutomaticaSunatTests" name="ValidarXml_AceptaTiposDeDocumentoPermitidos" />
    </UnitTest>
    <UnitTest name="ComprobantePago.Tests.HU01.CA03_AlertaComprobanteDadoDeBajaTests.ValidarXml_CuandoComprobanteDadoDeBaja_ExitoEsFalso" storage="c:\blazaro\aplicacioncomprobantepago\comprobantepago\comprobantepago.tests\bin\debug\net8.0\comprobantepago.tests.dll" id="40cd0fdd-6bad-bf99-8581-b493594070f4">
      <Execution id="c745db72-32d6-4d26-8c39-823ce6d77b9b" />
      <TestMethod codeBase="C:\blazaro\AplicacionComprobantePago\ComprobantePago\ComprobantePago.Tests\bin\Debug\net8.0\ComprobantePago.Tests.dll" adapterTypeName="executor://xunit/VsTestRunner2/netcoreapp" className="ComprobantePago.Tests.HU01.CA03_AlertaComprobanteDadoDeBajaTests" name="ValidarXml_CuandoComprobanteDadoDeBaja_ExitoEsFalso" />
    </UnitTest>
    <UnitTest name="ComprobantePago.Tests.HU01.CA03_AlertaComprobanteDadoDeBajaTests.ValidarXml_CuandoComprobanteDadoDeBaja_IncluyeMotivoRechazo" storage="c:\blazaro\aplicacioncomprobantepago\comprobantepago\comprobantepago.tests\bin\debug\net8.0\comprobantepago.tests.dll" id="08e4d827-f67c-ad7d-ac4d-4fcd94db18c4">
      <Execution id="59095bab-00e2-4946-910c-4db59422df5b" />
      <TestMethod codeBase="C:\blazaro\AplicacionComprobantePago\ComprobantePago\ComprobantePago.Tests\bin\Debug\net8.0\ComprobantePago.Tests.dll" adapterTypeName="executor://xunit/VsTestRunner2/netcoreapp" className="ComprobantePago.Tests.HU01.CA03_AlertaComprobanteDadoDeBajaTests" name="ValidarXml_CuandoComprobanteDadoDeBaja_IncluyeMotivoRechazo" />
    </UnitTest>
    <UnitTest name="ComprobantePago.Tests.HU01.CA01_ValidacionAutomaticaSunatTests.ValidarZip_InvocaSunatConDatosDelXmlInterno" storage="c:\blazaro\aplicacioncomprobantepago\comprobantepago\comprobantepago.tests\bin\debug\net8.0\comprobantepago.tests.dll" id="2f0f803f-a671-621a-2531-ca13a1b6c1d8">
      <Execution id="248ac8cc-7bfc-4bb9-8d78-a5ec3cd8a6fe" />
      <TestMethod codeBase="C:\blazaro\AplicacionComprobantePago\ComprobantePago\ComprobantePago.Tests\bin\Debug\net8.0\ComprobantePago.Tests.dll" adapterTypeName="executor://xunit/VsTestRunner2/netcoreapp" className="ComprobantePago.Tests.HU01.CA01_ValidacionAutomaticaSunatTests" name="ValidarZip_InvocaSunatConDatosDelXmlInterno" />
    </UnitTest>
    <UnitTest name="ComprobantePago.Tests.HU01.CA04_GeneracionFolioTests.GenerarFolio_IncremntaCorrelativamente_CuandaYaExistenComprobantes" storage="c:\blazaro\aplicacioncomprobantepago\comprobantepago\comprobantepago.tests\bin\debug\net8.0\comprobantepago.tests.dll" id="6e60a625-41f7-a69e-c8b1-c9728c5ecd2f">
      <Execution id="043246ee-35af-4c21-bfda-1659e76616e5" />
      <TestMethod codeBase="C:\blazaro\AplicacionComprobantePago\ComprobantePago\ComprobantePago.Tests\bin\Debug\net8.0\ComprobantePago.Tests.dll" adapterTypeName="executor://xunit/VsTestRunner2/netcoreapp" className="ComprobantePago.Tests.HU01.CA04_GeneracionFolioTests" name="GenerarFolio_IncremntaCorrelativamente_CuandaYaExistenComprobantes" />
    </UnitTest>
    <UnitTest name="ComprobantePago.Tests.HU01.CA04_GeneracionFolioTests.GenerarFolio_CorrelativoEsDeCuatroDigitos" storage="c:\blazaro\aplicacioncomprobantepago\comprobantepago\comprobantepago.tests\bin\debug\net8.0\comprobantepago.tests.dll" id="3449da85-fdbc-aa3b-7794-70dd7ee30d1c">
      <Execution id="f3c14e36-627e-4e3e-a2f6-7e2e375a10b5" />
      <TestMethod codeBase="C:\blazaro\AplicacionComprobantePago\ComprobantePago\ComprobantePago.Tests\bin\Debug\net8.0\ComprobantePago.Tests.dll" adapterTypeName="executor://xunit/VsTestRunner2/netcoreapp" className="ComprobantePago.Tests.HU01.CA04_GeneracionFolioTests" name="GenerarFolio_CorrelativoEsDeCuatroDigitos" />
    </UnitTest>
    <UnitTest name="ComprobantePago.Tests.HU01.CA01_ValidacionAutomaticaSunatTests.ValidarZip_CuandoSunatAcepta_RetornaFolioGenerado" storage="c:\blazaro\aplicacioncomprobantepago\comprobantepago\comprobantepago.tests\bin\debug\net8.0\comprobantepago.tests.dll" id="fefc390a-1cdd-e5d1-d335-2f6621693635">
      <Execution id="5fc4136e-dfe3-4e25-bd4f-ec50d418dc41" />
      <TestMethod codeBase="C:\blazaro\AplicacionComprobantePago\ComprobantePago\ComprobantePago.Tests\bin\Debug\net8.0\ComprobantePago.Tests.dll" adapterTypeName="executor://xunit/VsTestRunner2/netcoreapp" className="ComprobantePago.Tests.HU01.CA01_ValidacionAutomaticaSunatTests" name="ValidarZip_CuandoSunatAcepta_RetornaFolioGenerado" />
    </UnitTest>
    <UnitTest name="ComprobantePago.Tests.HU01.CA04_GeneracionFolioTests.GenerarFolio_ContieneAnioActual" storage="c:\blazaro\aplicacioncomprobantepago\comprobantepago\comprobantepago.tests\bin\debug\net8.0\comprobantepago.tests.dll" id="1a29d69b-e5bc-11ec-6c81-0dcc80a4dc6c">
      <Execution id="313c02f1-b4ef-4659-b6c5-219e5128a155" />
      <TestMethod codeBase="C:\blazaro\AplicacionComprobantePago\ComprobantePago\ComprobantePago.Tests\bin\Debug\net8.0\ComprobantePago.Tests.dll" adapterTypeName="executor://xunit/VsTestRunner2/netcoreapp" className="ComprobantePago.Tests.HU01.CA04_GeneracionFolioTests" name="GenerarFolio_ContieneAnioActual" />
    </UnitTest>
    <UnitTest name="ComprobantePago.Tests.HU01.CA03_AlertaComprobanteDadoDeBajaTests.ValidarXml_CuandoComprobanteDadoDeBaja_ReportaCodigoAnulado" storage="c:\blazaro\aplicacioncomprobantepago\comprobantepago\comprobantepago.tests\bin\debug\net8.0\comprobantepago.tests.dll" id="4f9a55e5-93e9-78a9-c629-3597b801785c">
      <Execution id="0e1d0a33-c754-4fcc-9b2d-27d5e572cec0" />
      <TestMethod codeBase="C:\blazaro\AplicacionComprobantePago\ComprobantePago\ComprobantePago.Tests\bin\Debug\net8.0\ComprobantePago.Tests.dll" adapterTypeName="executor://xunit/VsTestRunner2/netcoreapp" className="ComprobantePago.Tests.HU01.CA03_AlertaComprobanteDadoDeBajaTests" name="ValidarXml_CuandoComprobanteDadoDeBaja_ReportaCodigoAnulado" />
    </UnitTest>
    <UnitTest name="ComprobantePago.Tests.HU01.CA02_AlertaDocumentoNoValidadoTests.ValidarZip_CuandoSunatNoEncuentraComprobante_NoGeneraFolio" storage="c:\blazaro\aplicacioncomprobantepago\comprobantepago\comprobantepago.tests\bin\debug\net8.0\comprobantepago.tests.dll" id="d7a8a645-27ff-cada-176b-081dad9c5361">
      <Execution id="c2b2aa90-544c-45e3-adcb-b1f58ab829ba" />
      <TestMethod codeBase="C:\blazaro\AplicacionComprobantePago\ComprobantePago\ComprobantePago.Tests\bin\Debug\net8.0\ComprobantePago.Tests.dll" adapterTypeName="executor://xunit/VsTestRunner2/netcoreapp" className="ComprobantePago.Tests.HU01.CA02_AlertaDocumentoNoValidadoTests" name="ValidarZip_CuandoSunatNoEncuentraComprobante_NoGeneraFolio" />
    </UnitTest>
    <UnitTest name="ComprobantePago.Tests.HU01.CA03_AlertaComprobanteDadoDeBajaTests.ValidarXml_CuandoComprobanteDadoDeBaja_NoGeneraFolio" storage="c:\blazaro\aplicacioncomprobantepago\comprobantepago\comprobantepago.tests\bin\debug\net8.0\comprobantepago.tests.dll" id="527e021f-9b13-748a-ebe4-08761cf23cae">
      <Execution id="407305e1-db2a-428c-8742-79e01accce15" />
      <TestMethod codeBase="C:\blazaro\AplicacionComprobantePago\ComprobantePago\ComprobantePago.Tests\bin\Debug\net8.0\ComprobantePago.Tests.dll" adapterTypeName="executor://xunit/VsTestRunner2/netcoreapp" className="ComprobantePago.Tests.HU01.CA03_AlertaComprobanteDadoDeBajaTests" name="ValidarXml_CuandoComprobanteDadoDeBaja_NoGeneraFolio" />
    </UnitTest>
    <UnitTest name="ComprobantePago.Tests.HU01.CA01_ValidacionAutomaticaSunatTests.ValidarXml_AceptaTiposDeDocumentoPermitidos(tipoDoc: &quot;08&quot;, serie: &quot;FD01&quot;, descripcion: &quot;Nota de débito&quot;)" storage="c:\blazaro\aplicacioncomprobantepago\comprobantepago\comprobantepago.tests\bin\debug\net8.0\comprobantepago.tests.dll" id="a16140d9-7686-5e9b-7b50-9e2b1b994d3b">
      <Execution id="cc71f494-3861-4aeb-84df-72680cbaf7fe" />
      <TestMethod codeBase="C:\blazaro\AplicacionComprobantePago\ComprobantePago\ComprobantePago.Tests\bin\Debug\net8.0\ComprobantePago.Tests.dll" adapterTypeName="executor://xunit/VsTestRunner2/netcoreapp" className="ComprobantePago.Tests.HU01.CA01_ValidacionAutomaticaSunatTests" name="ValidarXml_AceptaTiposDeDocumentoPermitidos" />
    </UnitTest>
    <UnitTest name="ComprobantePago.Tests.HU01.CA02_AlertaDocumentoNoValidadoTests.ValidarXml_CuandoFallaConexionSunat_RetornaError" storage="c:\blazaro\aplicacioncomprobantepago\comprobantepago\comprobantepago.tests\bin\debug\net8.0\comprobantepago.tests.dll" id="f0b5f313-3f45-5a3c-aaac-403650d79ae7">
      <Execution id="0760a8f1-b6d9-499a-bf6f-51e1ac6a9811" />
      <TestMethod codeBase="C:\blazaro\AplicacionComprobantePago\ComprobantePago\ComprobantePago.Tests\bin\Debug\net8.0\ComprobantePago.Tests.dll" adapterTypeName="executor://xunit/VsTestRunner2/netcoreapp" className="ComprobantePago.Tests.HU01.CA02_AlertaDocumentoNoValidadoTests" name="ValidarXml_CuandoFallaConexionSunat_RetornaError" />
    </UnitTest>
    <UnitTest name="ComprobantePago.Tests.HU01.CA01_ValidacionAutomaticaSunatTests.ValidarXml_InvocaSunatConDatosExtraidos" storage="c:\blazaro\aplicacioncomprobantepago\comprobantepago\comprobantepago.tests\bin\debug\net8.0\comprobantepago.tests.dll" id="84be820b-6040-a3e1-e337-1274bd94aff1">
      <Execution id="f0b8ab47-3af4-4b6d-8260-78ca74aa0f74" />
      <TestMethod codeBase="C:\blazaro\AplicacionComprobantePago\ComprobantePago\ComprobantePago.Tests\bin\Debug\net8.0\ComprobantePago.Tests.dll" adapterTypeName="executor://xunit/VsTestRunner2/netcoreapp" className="ComprobantePago.Tests.HU01.CA01_ValidacionAutomaticaSunatTests" name="ValidarXml_InvocaSunatConDatosExtraidos" />
    </UnitTest>
    <UnitTest name="ComprobantePago.Tests.HU01.CA01_ValidacionAutomaticaSunatTests.ValidarXml_AceptaTiposDeDocumentoPermitidos(tipoDoc: &quot;07&quot;, serie: &quot;FC01&quot;, descripcion: &quot;Nota de crédito&quot;)" storage="c:\blazaro\aplicacioncomprobantepago\comprobantepago\comprobantepago.tests\bin\debug\net8.0\comprobantepago.tests.dll" id="c2f59b63-65a1-6c47-010b-58ebdf8195b2">
      <Execution id="db429313-2db5-4440-87a3-3249f29bea44" />
      <TestMethod codeBase="C:\blazaro\AplicacionComprobantePago\ComprobantePago\ComprobantePago.Tests\bin\Debug\net8.0\ComprobantePago.Tests.dll" adapterTypeName="executor://xunit/VsTestRunner2/netcoreapp" className="ComprobantePago.Tests.HU01.CA01_ValidacionAutomaticaSunatTests" name="ValidarXml_AceptaTiposDeDocumentoPermitidos" />
    </UnitTest>
    <UnitTest name="ComprobantePago.Tests.HU01.CA04_GeneracionFolioTests.GenerarFolio_CuandoSunatRechaza_NoGeneraFolio" storage="c:\blazaro\aplicacioncomprobantepago\comprobantepago\comprobantepago.tests\bin\debug\net8.0\comprobantepago.tests.dll" id="9a4e614b-0122-223c-c897-d8284a2185b5">
      <Execution id="41f8d29c-d10c-4cb4-949e-7a67f7f3447f" />
      <TestMethod codeBase="C:\blazaro\AplicacionComprobantePago\ComprobantePago\ComprobantePago.Tests\bin\Debug\net8.0\ComprobantePago.Tests.dll" adapterTypeName="executor://xunit/VsTestRunner2/netcoreapp" className="ComprobantePago.Tests.HU01.CA04_GeneracionFolioTests" name="GenerarFolio_CuandoSunatRechaza_NoGeneraFolio" />
    </UnitTest>
    <UnitTest name="ComprobantePago.Tests.HU01.CA02_AlertaDocumentoNoValidadoTests.ValidarXml_CuandoNoExisteEnSunat_NoGeneraFolio" storage="c:\blazaro\aplicacioncomprobantepago\comprobantepago\comprobantepago.tests\bin\debug\net8.0\comprobantepago.tests.dll" id="78279c45-cfe6-55ec-c516-423e315f9387">
      <Execution id="bd36c20f-bba1-485c-89f2-ed88919bd400" />
      <TestMethod codeBase="C:\blazaro\AplicacionComprobantePago\ComprobantePago\ComprobantePago.Tests\bin\Debug\net8.0\ComprobantePago.Tests.dll" adapterTypeName="executor://xunit/VsTestRunner2/netcoreapp" className="ComprobantePago.Tests.HU01.CA02_AlertaDocumentoNoValidadoTests" name="ValidarXml_CuandoNoExisteEnSunat_NoGeneraFolio" />
    </UnitTest>
    <UnitTest name="ComprobantePago.Tests.HU01.CA02_AlertaDocumentoNoValidadoTests.ValidarZip_SinXmlInterno_RetornaErrorSinLlamarSunat" storage="c:\blazaro\aplicacioncomprobantepago\comprobantepago\comprobantepago.tests\bin\debug\net8.0\comprobantepago.tests.dll" id="8d6670c2-31c1-6c8d-731e-e6c42ec9c36d">
      <Execution id="2bc5fcd6-304d-4a7d-a1d9-be2608c8a259" />
      <TestMethod codeBase="C:\blazaro\AplicacionComprobantePago\ComprobantePago\ComprobantePago.Tests\bin\Debug\net8.0\ComprobantePago.Tests.dll" adapterTypeName="executor://xunit/VsTestRunner2/netcoreapp" className="ComprobantePago.Tests.HU01.CA02_AlertaDocumentoNoValidadoTests" name="ValidarZip_SinXmlInterno_RetornaErrorSinLlamarSunat" />
    </UnitTest>
    <UnitTest name="ComprobantePago.Tests.HU01.CA01_ValidacionAutomaticaSunatTests.ValidarXml_CuandoSunatAcepta_RetornaFolioGenerado" storage="c:\blazaro\aplicacioncomprobantepago\comprobantepago\comprobantepago.tests\bin\debug\net8.0\comprobantepago.tests.dll" id="cb0def2d-dfe7-7d39-1751-b3888ad92bce">
      <Execution id="629754dc-1de9-455e-ab41-ab734fb95db9" />
      <TestMethod codeBase="C:\blazaro\AplicacionComprobantePago\ComprobantePago\ComprobantePago.Tests\bin\Debug\net8.0\ComprobantePago.Tests.dll" adapterTypeName="executor://xunit/VsTestRunner2/netcoreapp" className="ComprobantePago.Tests.HU01.CA01_ValidacionAutomaticaSunatTests" name="ValidarXml_CuandoSunatAcepta_RetornaFolioGenerado" />
    </UnitTest>
    <UnitTest name="ComprobantePago.Tests.HU01.CA03_AlertaComprobanteDadoDeBajaTests.ValidarZip_CuandoComprobanteDadoDeBaja_NoGeneraFolio" storage="c:\blazaro\aplicacioncomprobantepago\comprobantepago\comprobantepago.tests\bin\debug\net8.0\comprobantepago.tests.dll" id="4ac1a86e-e68c-2a78-9bbe-50b0d2c97797">
      <Execution id="20edb39a-a8a0-4021-82ea-67cac5f4a8c5" />
      <TestMethod codeBase="C:\blazaro\AplicacionComprobantePago\ComprobantePago\ComprobantePago.Tests\bin\Debug\net8.0\ComprobantePago.Tests.dll" adapterTypeName="executor://xunit/VsTestRunner2/netcoreapp" className="ComprobantePago.Tests.HU01.CA03_AlertaComprobanteDadoDeBajaTests" name="ValidarZip_CuandoComprobanteDadoDeBaja_NoGeneraFolio" />
    </UnitTest>
    <UnitTest name="ComprobantePago.Tests.HU01.CA01_ValidacionAutomaticaSunatTests.ValidarXml_CuandoSunatAutorizaImprenta_RetornaFolioGenerado" storage="c:\blazaro\aplicacioncomprobantepago\comprobantepago\comprobantepago.tests\bin\debug\net8.0\comprobantepago.tests.dll" id="6acdc7c3-dd94-682a-35e0-dc70331594a5">
      <Execution id="41f6637c-061c-4bf0-a609-9ed09ab7b850" />
      <TestMethod codeBase="C:\blazaro\AplicacionComprobantePago\ComprobantePago\ComprobantePago.Tests\bin\Debug\net8.0\ComprobantePago.Tests.dll" adapterTypeName="executor://xunit/VsTestRunner2/netcoreapp" className="ComprobantePago.Tests.HU01.CA01_ValidacionAutomaticaSunatTests" name="ValidarXml_CuandoSunatAutorizaImprenta_RetornaFolioGenerado" />
    </UnitTest>
  </TestDefinitions>
  <TestEntries>
    <TestEntry testId="84be820b-6040-a3e1-e337-1274bd94aff1" executionId="f0b8ab47-3af4-4b6d-8260-78ca74aa0f74" testListId="8c84fa94-04c1-424b-9868-57a2d4851a1d" />
    <TestEntry testId="9a4e614b-0122-223c-c897-d8284a2185b5" executionId="41f8d29c-d10c-4cb4-949e-7a67f7f3447f" testListId="8c84fa94-04c1-424b-9868-57a2d4851a1d" />
    <TestEntry testId="527e021f-9b13-748a-ebe4-08761cf23cae" executionId="407305e1-db2a-428c-8742-79e01accce15" testListId="8c84fa94-04c1-424b-9868-57a2d4851a1d" />
    <TestEntry testId="4f9a55e5-93e9-78a9-c629-3597b801785c" executionId="0e1d0a33-c754-4fcc-9b2d-27d5e572cec0" testListId="8c84fa94-04c1-424b-9868-57a2d4851a1d" />
    <TestEntry testId="f0b5f313-3f45-5a3c-aaac-403650d79ae7" executionId="0760a8f1-b6d9-499a-bf6f-51e1ac6a9811" testListId="8c84fa94-04c1-424b-9868-57a2d4851a1d" />
    <TestEntry testId="bb6480e4-9d63-bec0-2377-91ee4f871968" executionId="fe7c4695-5a88-464f-9104-43d94d0438cb" testListId="8c84fa94-04c1-424b-9868-57a2d4851a1d" />
    <TestEntry testId="08e4d827-f67c-ad7d-ac4d-4fcd94db18c4" executionId="59095bab-00e2-4946-910c-4db59422df5b" testListId="8c84fa94-04c1-424b-9868-57a2d4851a1d" />
    <TestEntry testId="1a29d69b-e5bc-11ec-6c81-0dcc80a4dc6c" executionId="313c02f1-b4ef-4659-b6c5-219e5128a155" testListId="8c84fa94-04c1-424b-9868-57a2d4851a1d" />
    <TestEntry testId="a16140d9-7686-5e9b-7b50-9e2b1b994d3b" executionId="cc71f494-3861-4aeb-84df-72680cbaf7fe" testListId="8c84fa94-04c1-424b-9868-57a2d4851a1d" />
    <TestEntry testId="340219e2-d434-d791-0c44-fab065b49896" executionId="3d1a0b46-66d8-4bb5-a51a-b6c952ab4fb3" testListId="8c84fa94-04c1-424b-9868-57a2d4851a1d" />
    <TestEntry testId="6e60a625-41f7-a69e-c8b1-c9728c5ecd2f" executionId="043246ee-35af-4c21-bfda-1659e76616e5" testListId="8c84fa94-04c1-424b-9868-57a2d4851a1d" />
    <TestEntry testId="5fa88189-4b6a-d6cd-ae61-d5aebc178d40" executionId="60b4a2b2-aeef-4e83-956a-0dc12684b97b" testListId="8c84fa94-04c1-424b-9868-57a2d4851a1d" />
    <TestEntry testId="3449da85-fdbc-aa3b-7794-70dd7ee30d1c" executionId="f3c14e36-627e-4e3e-a2f6-7e2e375a10b5" testListId="8c84fa94-04c1-424b-9868-57a2d4851a1d" />
    <TestEntry testId="3d82f3fd-4a5f-3242-776f-d678c14fee53" executionId="9624b2bc-f41b-4951-ba4b-8dd23ff0ca82" testListId="8c84fa94-04c1-424b-9868-57a2d4851a1d" />
    <TestEntry testId="78279c45-cfe6-55ec-c516-423e315f9387" executionId="bd36c20f-bba1-485c-89f2-ed88919bd400" testListId="8c84fa94-04c1-424b-9868-57a2d4851a1d" />
    <TestEntry testId="fefc390a-1cdd-e5d1-d335-2f6621693635" executionId="5fc4136e-dfe3-4e25-bd4f-ec50d418dc41" testListId="8c84fa94-04c1-424b-9868-57a2d4851a1d" />
    <TestEntry testId="8d6670c2-31c1-6c8d-731e-e6c42ec9c36d" executionId="2bc5fcd6-304d-4a7d-a1d9-be2608c8a259" testListId="8c84fa94-04c1-424b-9868-57a2d4851a1d" />
    <TestEntry testId="d7a8a645-27ff-cada-176b-081dad9c5361" executionId="c2b2aa90-544c-45e3-adcb-b1f58ab829ba" testListId="8c84fa94-04c1-424b-9868-57a2d4851a1d" />
    <TestEntry testId="6acdc7c3-dd94-682a-35e0-dc70331594a5" executionId="41f6637c-061c-4bf0-a609-9ed09ab7b850" testListId="8c84fa94-04c1-424b-9868-57a2d4851a1d" />
    <TestEntry testId="daaa1b9d-1a5f-29fc-6f1e-13723bcbd29f" executionId="26da0f08-26fb-4ceb-a888-4c4fff050bb3" testListId="8c84fa94-04c1-424b-9868-57a2d4851a1d" />
    <TestEntry testId="c2f59b63-65a1-6c47-010b-58ebdf8195b2" executionId="db429313-2db5-4440-87a3-3249f29bea44" testListId="8c84fa94-04c1-424b-9868-57a2d4851a1d" />
    <TestEntry testId="cb0def2d-dfe7-7d39-1751-b3888ad92bce" executionId="629754dc-1de9-455e-ab41-ab734fb95db9" testListId="8c84fa94-04c1-424b-9868-57a2d4851a1d" />
    <TestEntry testId="40cd0fdd-6bad-bf99-8581-b493594070f4" executionId="c745db72-32d6-4d26-8c39-823ce6d77b9b" testListId="8c84fa94-04c1-424b-9868-57a2d4851a1d" />
    <TestEntry testId="4ac1a86e-e68c-2a78-9bbe-50b0d2c97797" executionId="20edb39a-a8a0-4021-82ea-67cac5f4a8c5" testListId="8c84fa94-04c1-424b-9868-57a2d4851a1d" />
    <TestEntry testId="2f0f803f-a671-621a-2531-ca13a1b6c1d8" executionId="248ac8cc-7bfc-4bb9-8d78-a5ec3cd8a6fe" testListId="8c84fa94-04c1-424b-9868-57a2d4851a1d" />
  </TestEntries>
  <TestLists>
    <TestList name="Resultados sin formato de lista" id="8c84fa94-04c1-424b-9868-57a2d4851a1d" />
    <TestList name="Todos los resultados cargados" id="19431567-8539-422a-85d7-44ee4e166bda" />
  </TestLists>
  <ResultSummary outcome="Completed">
    <Counters total="25" executed="25" passed="25" failed="0" error="0" timeout="0" aborted="0" inconclusive="0" passedButRunAborted="0" notRunnable="0" notExecuted="0" disconnected="0" warning="0" completed="0" inProgress="0" pending="0" />
    <Output>
      <StdOut>[xUnit.net 00:00:00.00] xUnit.net VSTest Adapter v2.5.7+8f2703126a (64-bit .NET 8.0.17)&#xD;
[xUnit.net 00:00:00.05]   Discovering: ComprobantePago.Tests&#xD;
[xUnit.net 00:00:00.08]   Discovered:  ComprobantePago.Tests&#xD;
[xUnit.net 00:00:00.08]   Starting:    ComprobantePago.Tests&#xD;
[xUnit.net 00:00:00.67]   Finished:    ComprobantePago.Tests&#xD;
</StdOut>
    </Output>
  </ResultSummary>
</TestRun>